# time interaction_type id_rem(mass_rem) id1(m1):id2(m2) (r)
t=0.000189808 disruptboth id1=148376(m1=11.9499) id2=400200(m2=58.0383) (r=0.304458) type1=7 type2=1 rad1[RSUN]=1.23793 rad2[RSUN]=12.9176
t=0.000189808 disrupt1 idr=609877(mr=23.6395) id1=234509(m1=34.083):id2=400302(m2=34.0312) (r=0.845649) typer=7 type1=1 type2=1 radr[RSUN]=1.67108 rad1[RSUN]=19.9252 rad2[RSUN]=19.7825
t=0.000189808 disruptboth id1=298399(m1=10.8519) id2=400403(m2=56.2379) (r=0.898192) type1=7 type2=1 rad1[RSUN]=1.22363 rad2[RSUN]=12.1378
t=0.000211685 disruptboth id1=53542(m1=8.42437) id2=400070(m2=20.8885) (r=0.330731) type1=4 type2=1 rad1[RSUN]=357.371 rad2[RSUN]=7.00959
t=0.000211685 disruptboth id1=71845(m1=16.2211) id2=400094(m2=32.4512) (r=0.331322) type1=14 type2=4 rad1[RSUN]=6.8757e-05 rad2[RSUN]=169.58
t=0.000211685 disruptboth id1=157804(m1=19.1111) id2=400215(m2=26.3837) (r=0.652192) type1=4 type2=1 rad1[RSUN]=150.125 rad2[RSUN]=10.5433
t=0.000211685 disruptboth id1=118520(m1=8.69677) id2=400155(m2=24.7916) (r=0.678144) type1=1 type2=1 rad1[RSUN]=19.5681 rad2[RSUN]=9.23247
t=0.000211685 disruptboth id1=115399(m1=18.8614) id2=400150(m2=24.2182) (r=0.682527) type1=4 type2=1 rad1[RSUN]=140.559 rad2[RSUN]=8.83566
t=0.000211685 disruptboth id1=84254(m1=8.0126) id2=400111(m2=24.7599) (r=0.696705) type1=4 type2=1 rad1[RSUN]=159.638 rad2[RSUN]=9.20795
t=0.000211685 disruptboth id1=162715(m1=19.4082) id2=400223(m2=32.4338) (r=0.75859) type1=14 type2=4 rad1[RSUN]=8.22621e-05 rad2[RSUN]=164.192
t=0.000211685 disruptboth id1=210807(m1=9.54598) id2=400281(m2=51.4722) (r=0.890595) type1=7 type2=1 rad1[RSUN]=1.18516 rad2[RSUN]=11.7325
t=0.000211685 disruptboth id1=343552(m1=18.7754) id2=400469(m2=31.3138) (r=1.53495) type1=1 type2=1 rad1[RSUN]=17.1697 rad2[RSUN]=19.0399
t=0.000211685 disruptboth id1=376257(m1=18.9372) id2=400522(m2=26.7193) (r=1.55078) type1=4 type2=1 rad1[RSUN]=142.307 rad2[RSUN]=10.8696
t=0.000211685 disruptboth id1=3501(m1=7.638) id2=400003(m2=25.7223) (r=2.25925) type1=4 type2=1 rad1[RSUN]=146.626 rad2[RSUN]=9.94816
t=0.00022995 disruptboth id1=356332(m1=16.5402) id2=400492(m2=28.4671) (r=0.0936779) type1=4 type2=4 rad1[RSUN]=146.506 rad2[RSUN]=93.8395
t=0.00022995 disruptboth id1=14900(m1=5.90575) id2=400015(m2=19.3577) (r=0.233977) type1=4 type2=1 rad1[RSUN]=124.82 rad2[RSUN]=6.78424
t=0.00022995 disruptboth id1=101131(m1=18.4707) id2=400128(m2=29.2121) (r=0.225273) type1=14 type2=4 rad1[RSUN]=7.83065e-05 rad2[RSUN]=321.72
t=0.00022995 disruptboth id1=184590(m1=16.2249) id2=400247(m2=26.4813) (r=0.329082) type1=4 type2=1 rad1[RSUN]=108.463 rad2[RSUN]=13.8448
t=0.00022995 disruptboth id1=178708(m1=6.69855) id2=400242(m2=38.2409) (r=0.413011) type1=7 type2=1 rad1[RSUN]=1.0924 rad2[RSUN]=8.0902
t=0.00022995 disruptboth id1=245180(m1=16.8053) id2=400324(m2=29.0418) (r=0.46035) type1=14 type2=4 rad1[RSUN]=7.12468e-05 rad2[RSUN]=1019.67
t=0.00022995 disruptboth id1=81024(m1=7.52616) id2=400103(m2=38.6874) (r=0.501714) type1=8 type2=1 rad1[RSUN]=1.02312 rad2[RSUN]=8.32674
t=0.00022995 disruptboth id1=82964(m1=16.5395) id2=400108(m2=25.9266) (r=0.529241) type1=4 type2=1 rad1[RSUN]=103.995 rad2[RSUN]=12.7697
t=0.00022995 disruptboth id1=124444(m1=17.1019) id2=400163(m2=25.1537) (r=0.655667) type1=4 type2=1 rad1[RSUN]=899.52 rad2[RSUN]=11.5089
t=0.00022995 disruptboth id1=171601(m1=16.4537) id2=400231(m2=20.8224) (r=0.783141) type1=4 type2=1 rad1[RSUN]=135.376 rad2[RSUN]=7.5859
t=0.00022995 disruptboth id1=293172(m1=5.98083) id2=400394(m2=21.8716) (r=0.849212) type1=4 type2=1 rad1[RSUN]=116.498 rad2[RSUN]=8.26418
t=0.00022995 disruptboth id1=236596(m1=18.2483) id2=400305(m2=29.7942) (r=0.879203) type1=4 type2=4 rad1[RSUN]=2229.48 rad2[RSUN]=143.598
t=0.00022995 disruptboth id1=157520(m1=16.6025) id2=400213(m2=22.4919) (r=0.884006) type1=4 type2=1 rad1[RSUN]=172.845 rad2[RSUN]=8.72789
t=0.00022995 disruptboth id1=156193(m1=7.1602) id2=400209(m2=41.6429) (r=0.948231) type1=7 type2=1 rad1[RSUN]=1.07326 rad2[RSUN]=9.1425
t=0.00022995 disruptboth id1=178425(m1=16.3622) id2=400241(m2=21.3003) (r=0.96922) type1=4 type2=1 rad1[RSUN]=121.672 rad2[RSUN]=7.88254
t=0.00022995 disruptboth id1=319483(m1=16.149) id2=400438(m2=21.5394) (r=0.99071) type1=4 type2=1 rad1[RSUN]=103.542 rad2[RSUN]=8.03917
t=0.00022995 disruptboth id1=203693(m1=18.2996) id2=400269(m2=22.4433) (r=1.03223) type1=4 type2=1 rad1[RSUN]=2392.87 rad2[RSUN]=8.52768
t=0.00022995 disruptboth id1=359021(m1=16.5015) id2=400496(m2=18.8137) (r=1.10099) type1=4 type2=1 rad1[RSUN]=144.842 rad2[RSUN]=6.52289
t=0.00022995 disruptboth id1=83910(m1=8.18038) id2=400110(m2=45.7847) (r=1.12122) type1=7 type2=1 rad1[RSUN]=1.05898 rad2[RSUN]=11.4328
t=0.00022995 disruptboth id1=361990(m1=6.34754) id2=400503(m2=28.824) (r=1.27597) type1=4 type2=1 rad1[RSUN]=468.803 rad2[RSUN]=13.1995
t=0.00022995 disruptboth id1=238802(m1=14.4714) id2=400312(m2=21.1544) (r=1.28372) type1=4 type2=1 rad1[RSUN]=736.522 rad2[RSUN]=7.78269
t=0.00022995 disruptboth id1=296186(m1=10.7251) id2=400399(m2=22.1877) (r=1.31114) type1=4 type2=1 rad1[RSUN]=176.727 rad2[RSUN]=8.49482
t=0.00022995 disruptboth id1=202309(m1=16.9349) id2=400267(m2=28.6827) (r=1.34808) type1=4 type2=4 rad1[RSUN]=427.964 rad2[RSUN]=98.9251
t=0.00022995 disruptboth id1=216033(m1=17.2339) id2=400286(m2=25.7914) (r=1.46718) type1=4 type2=1 rad1[RSUN]=1738.03 rad2[RSUN]=12.4804
t=0.00022995 disruptboth id1=341266(m1=18.4727) id2=400465(m2=23.9329) (r=1.50697) type1=4 type2=1 rad1[RSUN]=2502.7 rad2[RSUN]=10.0337
t=0.00022995 disruptboth id1=41832(m1=6.50918) id2=400054(m2=39.3441) (r=1.56905) type1=7 type2=1 rad1[RSUN]=1.08459 rad2[RSUN]=8.33867
t=0.00022995 disruptboth id1=272178(m1=6.28311) id2=400362(m2=39.4129) (r=1.66583) type1=4 type2=1 rad1[RSUN]=1074.18 rad2[RSUN]=8.42549
t=0.00022995 disruptboth id1=346399(m1=18.2023) id2=400473(m2=23.8729) (r=1.7871) type1=4 type2=1 rad1[RSUN]=2340.11 rad2[RSUN]=9.72267
t=0.00022995 disruptboth id1=354820(m1=17.2161) id2=400488(m2=19.0955) (r=1.979) type1=4 type2=1 rad1[RSUN]=1674.89 rad2[RSUN]=6.65433
t=0.00022995 disruptboth id1=128256(m1=5.94155) id2=400171(m2=27.788) (r=2.38765) type1=4 type2=1 rad1[RSUN]=109.18 rad2[RSUN]=17.2737
t=0.000270917 disruptboth id1=131359(m1=19.6482) id2=400175(m2=21.6429) (r=0.175308) type1=14 type2=5 rad1[RSUN]=8.32997e-05 rad2[RSUN]=2573.85
t=0.000270917 disrupt1 idr=420607(mr=17.3287) id1=252514(m1=24.3909):id2=400333(m2=24.2838) (r=0.233869) typer=14 type1=1 type2=1 radr[RSUN]=7.34737e-05 rad1[RSUN]=13.0052 rad2[RSUN]=12.7741
t=0.000270917 disruptboth id1=125108(m1=5.36843) id2=400164(m2=29.6292) (r=0.238292) type1=4 type2=1 rad1[RSUN]=1176.18 rad2[RSUN]=7.6733
t=0.000270917 disruptboth id1=109400(m1=18.6119) id2=400140(m2=26.8493) (r=0.251132) type1=14 type2=4 rad1[RSUN]=7.80754e-05 rad2[RSUN]=1860.74
t=0.000270917 disruptboth id1=19794(m1=5.02347) id2=400027(m2=23.5447) (r=0.279271) type1=4 type2=1 rad1[RSUN]=94.3684 rad2[RSUN]=11.3868
t=0.000270917 disruptboth id1=87295(m1=6.19094) id2=400115(m2=43.8665) (r=0.303026) type1=7 type2=1 rad1[RSUN]=0.968491 rad2[RSUN]=11.3707
t=0.000270917 disruptboth id1=36293(m1=4.4844) id2=400049(m2=21.7857) (r=0.31741) type1=1 type2=1 rad1[RSUN]=17.0325 rad2[RSUN]=9.13227
t=0.000270917 disruptboth id1=153067(m1=4.37172) id2=400203(m2=17.0941) (r=0.337757) type1=1 type2=1 rad1[RSUN]=14.6672 rad2[RSUN]=6.02066
t=0.000270917 disruptboth id1=29828(m1=13.9512) id2=400044(m2=21.1612) (r=0.389944) type1=4 type2=1 rad1[RSUN]=91.6264 rad2[RSUN]=8.54882
t=0.000270917 disruptboth id1=123257(m1=4.81016) id2=400159(m2=23.1596) (r=0.407046) type1=1 type2=1 rad1[RSUN]=16.6009 rad2[RSUN]=10.7953
t=0.000270917 disruptboth id1=121572(m1=5.50964) id2=400156(m2=23.5264) (r=0.544566) type1=4 type2=1 rad1[RSUN]=115.993 rad2[RSUN]=11.3613
t=0.000270917 disruptboth id1=70672(m1=11.9847) id2=400093(m2=18.5678) (r=0.561768) type1=1 type2=1 rad1[RSUN]=14.0509 rad2[RSUN]=6.76556
t=0.000270917 disruptboth id1=125807(m1=4.31155) id2=400167(m2=19.2135) (r=0.603709) type1=1 type2=1 rad1[RSUN]=15.3296 rad2[RSUN]=7.1399
t=0.000270917 disruptboth id1=296433(m1=14.4191) id2=400400(m2=24.4983) (r=0.61391) type1=4 type2=1 rad1[RSUN]=211.458 rad2[RSUN]=13.2465
t=0.000270917 disruptboth id1=162655(m1=4.83814) id2=400221(m2=19.645) (r=0.684967) type1=4 type2=1 rad1[RSUN]=77.0823 rad2[RSUN]=7.41045
t=0.000270917 disruptboth id1=196176(m1=5.59146) id2=400260(m2=42.6154) (r=0.78041) type1=7 type2=1 rad1[RSUN]=1.04389 rad2[RSUN]=10.3718
t=0.000270917 disruptboth id1=16849(m1=5.47588) id2=400018(m2=33.2961) (r=0.808042) type1=4 type2=1 rad1[RSUN]=2354.88 rad2[RSUN]=7.35387
t=0.000270917 disruptboth id1=109858(m1=12.9556) id2=400142(m2=24.2441) (r=0.826194) type1=1 type2=1 rad1[RSUN]=16.8772 rad2[RSUN]=12.6908
t=0.000270917 disruptboth id1=322928(m1=14.1442) id2=400441(m2=24.7696) (r=0.841572) type1=4 type2=1 rad1[RSUN]=117.035 rad2[RSUN]=13.8992
t=0.000270917 disruptboth id1=205741(m1=15.596) id2=400273(m2=26.605) (r=0.869279) type1=4 type2=4 rad1[RSUN]=2002.47 rad2[RSUN]=90.5191
t=0.000270917 disruptboth id1=349295(m1=15.4461) id2=400476(m2=22.3525) (r=0.84272) type1=4 type2=1 rad1[RSUN]=1947.25 rad2[RSUN]=9.74346
t=0.000270917 disruptboth id1=182355(m1=19.2064) id2=400243(m2=26.55) (r=0.882156) type1=14 type2=4 rad1[RSUN]=8.14251e-05 rad2[RSUN]=85.5789
t=0.000270917 disruptboth id1=265057(m1=19.4095) id2=400349(m2=25.178) (r=0.909923) type1=14 type2=1 rad1[RSUN]=8.22905e-05 rad2[RSUN]=14.9784
t=0.000270917 disruptboth id1=191657(m1=5.95403) id2=400251(m2=34.5775) (r=0.928772) type1=4 type2=1 rad1[RSUN]=2390.55 rad2[RSUN]=8.21063
t=0.000270917 disruptboth id1=195644(m1=13.8818) id2=400259(m2=26.1238) (r=0.950917) type1=4 type2=4 rad1[RSUN]=86.0789 rad2[RSUN]=72.1658
t=0.000270917 disruptboth id1=199540(m1=14.6938) id2=400264(m2=25.8056) (r=0.954949) type1=4 type2=1 rad1[RSUN]=569.885 rad2[RSUN]=17.1242
t=0.000270917 disruptboth id1=385349(m1=4.60197) id2=400533(m2=19.4142) (r=1.03611) type1=4 type2=1 rad1[RSUN]=72.2358 rad2[RSUN]=7.26343
t=0.000270917 disruptboth id1=354768(m1=19.1944) id2=400487(m2=26.9554) (r=1.07688) type1=14 type2=4 rad1[RSUN]=8.13361e-05 rad2[RSUN]=170.332
t=0.000270917 disruptboth id1=173476(m1=6.36527) id2=400233(m2=30.7895) (r=1.09653) type1=4 type2=4 rad1[RSUN]=1925.42 rad2[RSUN]=124.382
t=0.000270917 disruptboth id1=372014(m1=4.7076) id2=400515(m2=22.3037) (r=1.10631) type1=1 type2=1 rad1[RSUN]=16.4699 rad2[RSUN]=9.68794
t=0.000270917 disruptboth id1=308617(m1=6.17543) id2=400422(m2=17.7244) (r=1.1283) type1=4 type2=1 rad1[RSUN]=74.7038 rad2[RSUN]=6.32326
t=0.000270917 disruptboth id1=315574(m1=13.5364) id2=400431(m2=16.6335) (r=1.34979) type1=4 type2=1 rad1[RSUN]=73.8387 rad2[RSUN]=5.8121
t=0.000270917 disruptboth id1=269364(m1=5.51338) id2=400358(m2=25.537) (r=1.38109) type1=4 type2=1 rad1[RSUN]=403.807 rad2[RSUN]=16.0532
t=0.000270917 disruptboth id1=240791(m1=4.83835) id2=400315(m2=23.8102) (r=1.41061) type1=4 type2=1 rad1[RSUN]=74.973 rad2[RSUN]=11.8475
t=0.000270917 disruptboth id1=279401(m1=15.1471) id2=400371(m2=17.6871) (r=1.43139) type1=4 type2=1 rad1[RSUN]=1848.89 rad2[RSUN]=6.30435
t=0.000270917 disrupt2 idr=736057(mr=23.3759) id1=307695(m1=26.5876):id2=400419(m2=26.2191) (r=1.43728) typer=14 type1=4 type2=4 radr[RSUN]=9.91138e-05 rad1[RSUN]=90.7239 rad2[RSUN]=73.2763
t=0.000270917 disruptboth id1=236588(m1=4.4824) id2=400304(m2=17.5427) (r=1.48757) type1=1 type2=1 rad1[RSUN]=16.9783 rad2[RSUN]=6.23379
t=0.000270917 disruptboth id1=307139(m1=14.3784) id2=400417(m2=23.4112) (r=1.56761) type1=4 type2=1 rad1[RSUN]=183.169 rad2[RSUN]=11.177
t=0.000270917 disruptboth id1=257363(m1=15.4869) id2=400338(m2=19.9747) (r=1.65599) type1=4 type2=1 rad1[RSUN]=1961.12 rad2[RSUN]=7.58245
t=0.000270917 disruptboth id1=240962(m1=4.17159) id2=400317(m2=22.7917) (r=1.68969) type1=1 type2=1 rad1[RSUN]=13.5341 rad2[RSUN]=10.286
t=0.000270917 disruptboth id1=240913(m1=4.78567) id2=400316(m2=22.8633) (r=1.69476) type1=1 type2=1 rad1[RSUN]=14.832 rad2[RSUN]=10.3809
t=0.000270917 disruptboth id1=148520(m1=16.0777) id2=400201(m2=19.2587) (r=1.82449) type1=4 type2=1 rad1[RSUN]=2192.8 rad2[RSUN]=7.14693
t=0.000270917 disruptboth id1=357442(m1=5.82393) id2=400494(m2=35.7813) (r=1.91194) type1=7 type2=1 rad1[RSUN]=0.972431 rad2[RSUN]=7.85608
t=0.000270917 disruptboth id1=289177(m1=5.15035) id2=400388(m2=24.4736) (r=2.10351) type1=1 type2=1 rad1[RSUN]=17.1286 rad2[RSUN]=13.19
t=0.000270917 disruptboth id1=312197(m1=5.67565) id2=400427(m2=21.5159) (r=2.14299) type1=4 type2=1 rad1[RSUN]=71.7956 rad2[RSUN]=8.86983
t=0.000270917 disruptboth id1=352926(m1=4.92064) id2=400485(m2=23.4182) (r=2.15375) type1=1 type2=1 rad1[RSUN]=13.4359 rad2[RSUN]=11.1886
t=0.000270917 disrupt1 idr=799147(mr=17.2042) id1=327897(m1=24.4842):id2=400447(m2=24.228) (r=2.17793) typer=14 type1=1 type2=1 radr[RSUN]=7.29456e-05 rad1[RSUN]=13.2139 rad2[RSUN]=12.6572
t=0.000270917 disruptboth id1=368288(m1=4.80267) id2=400510(m2=19.2192) (r=2.22872) type1=4 type2=1 rad1[RSUN]=85.3444 rad2[RSUN]=7.14129
t=0.000270917 disruptboth id1=372339(m1=13.6781) id2=400516(m2=16.6392) (r=2.30826) type1=4 type2=1 rad1[RSUN]=76.8228 rad2[RSUN]=5.81464
t=0.000270917 disruptboth id1=328845(m1=5.81698) id2=400449(m2=35.2589) (r=2.82929) type1=7 type2=1 rad1[RSUN]=0.961684 rad2[RSUN]=7.70871
t=0.00030369 disruptboth id1=25640(m1=3.53544) id2=400039(m2=16.7333) (r=0.13222) type1=4 type2=1 rad1[RSUN]=131.109 rad2[RSUN]=6.50212
t=0.00030369 disruptboth id1=27615(m1=4.59416) id2=400041(m2=19.4819) (r=0.182677) type1=4 type2=1 rad1[RSUN]=274.977 rad2[RSUN]=8.98833
t=0.00030369 disruptboth id1=16058(m1=10.0971) id2=400016(m2=18.4449) (r=0.193225) type1=4 type2=1 rad1[RSUN]=68.6847 rad2[RSUN]=7.83487
t=0.00030369 disruptboth id1=55468(m1=9.53303) id2=400073(m2=19.0216) (r=0.197489) type1=4 type2=1 rad1[RSUN]=49.0998 rad2[RSUN]=8.43128
t=0.00030369 disruptboth id1=24799(m1=7.95095) id2=400037(m2=16.8954) (r=0.343492) type1=4 type2=1 rad1[RSUN]=50.7585 rad2[RSUN]=6.60958
t=0.00030369 disruptboth id1=157035(m1=3.4627) id2=400211(m2=14.8245) (r=0.428421) type1=4 type2=1 rad1[RSUN]=104.085 rad2[RSUN]=5.44357
t=0.00030369 disruptboth id1=142279(m1=9.82341) id2=400189(m2=15.7189) (r=0.534933) type1=4 type2=1 rad1[RSUN]=53.0185 rad2[RSUN]=5.90348
t=0.00030369 disruptboth id1=136465(m1=4.15357) id2=400183(m2=34.1907) (r=0.540336) type1=8 type2=1 rad1[RSUN]=0.931954 rad2[RSUN]=8.39728
t=0.00030369 disruptboth id1=126773(m1=10.7098) id2=400170(m2=15.1432) (r=0.549597) type1=4 type2=1 rad1[RSUN]=519.493 rad2[RSUN]=5.60141
t=0.00030369 disruptboth id1=25812(m1=3.85359) id2=400040(m2=15.3094) (r=0.559862) type1=1 type2=1 rad1[RSUN]=15.1595 rad2[RSUN]=5.68657
t=0.00030369 disruptboth id1=105784(m1=3.54448) id2=400133(m2=16.6874) (r=0.605605) type1=4 type2=1 rad1[RSUN]=72.9634 rad2[RSUN]=6.47355
t=0.00030369 disruptboth id1=44872(m1=10.8891) id2=400062(m2=18.9502) (r=0.619351) type1=4 type2=1 rad1[RSUN]=1509.18 rad2[RSUN]=8.3504
t=0.00030369 disruptboth id1=324082(m1=9.82651) id2=400443(m2=16.8979) (r=0.626022) type1=4 type2=1 rad1[RSUN]=53.0915 rad2[RSUN]=6.61126
t=0.00030369 disruptboth id1=267218(m1=4.59913) id2=400352(m2=15.7208) (r=0.628161) type1=4 type2=1 rad1[RSUN]=287.144 rad2[RSUN]=5.90432
t=0.00030369 disruptboth id1=285447(m1=9.73933) id2=400383(m2=14.3969) (r=0.640401) type1=4 type2=1 rad1[RSUN]=51.1489 rad2[RSUN]=5.24397
t=0.00030369 disruptboth id1=241380(m1=11.4492) id2=400319(m2=19.0528) (r=0.620635) type1=4 type2=1 rad1[RSUN]=1690.43 rad2[RSUN]=8.46558
t=0.00030369 disruptboth id1=200321(m1=18.7731) id2=400265(m2=22.0634) (r=0.682447) type1=14 type2=1 rad1[RSUN]=7.95929e-05 rad2[RSUN]=14.9623
t=0.00030369 disruptboth id1=116480(m1=10.5189) id2=400152(m2=15.7464) (r=0.69416) type1=4 type2=1 rad1[RSUN]=207.22 rad2[RSUN]=5.91852
t=0.00030369 disrupt1 idr=567817(mr=15.4839) id1=18528(m1=21.9464):id2=400025(m2=21.7422) (r=0.725602) typer=8 type1=1 type2=1 radr[RSUN]=1.27342 rad1[RSUN]=14.5811 rad2[RSUN]=13.8342
t=0.00030369 disruptboth id1=174407(m1=3.39253) id2=400235(m2=15.537) (r=0.771041) type1=4 type2=1 rad1[RSUN]=86.9672 rad2[RSUN]=5.80469
t=0.00030369 disruptboth id1=129001(m1=9.13689) id2=400173(m2=18.2787) (r=0.848983) type1=1 type2=1 rad1[RSUN]=14.6501 rad2[RSUN]=7.68028
t=0.00030369 disruptboth id1=156305(m1=3.8242) id2=400210(m2=33.0014) (r=0.850944) type1=7 type2=1 rad1[RSUN]=0.92243 rad2[RSUN]=7.81571
t=0.00030369 disruptboth id1=280785(m1=10.5372) id2=400373(m2=22.5678) (r=0.869352) type1=4 type2=4 rad1[RSUN]=223.965 rad2[RSUN]=51.883
t=0.00030369 disruptboth id1=145010(m1=10.7279) id2=400194(m2=22.2706) (r=0.859887) type1=4 type2=2 rad1[RSUN]=579.182 rad2[RSUN]=18.4135
t=0.00030369 disruptboth id1=162703(m1=9.37655) id2=400222(m2=13.7626) (r=0.925633) type1=1 type2=1 rad1[RSUN]=14.2844 rad2[RSUN]=4.96325
t=0.00030369 disruptboth id1=66829(m1=10.4065) id2=400088(m2=16.785) (r=0.964447) type1=4 type2=1 rad1[RSUN]=138.81 rad2[RSUN]=6.53705
t=0.00030369 disruptboth id1=237249(m1=9.95702) id2=400307(m2=20.7281) (r=0.902983) type1=4 type2=1 rad1[RSUN]=58.3 rad2[RSUN]=11.072
t=0.00030369 disruptboth id1=276362(m1=3.41348) id2=400369(m2=21.9481) (r=0.992709) type1=1 type2=1 rad1[RSUN]=14.6759 rad2[RSUN]=14.5876
t=0.00030369 disruptboth id1=218875(m1=10.3911) id2=400288(m2=22.3603) (r=1.06124) type1=4 type2=4 rad1[RSUN]=126.367 rad2[RSUN]=49.1444
t=0.00030369 disruptboth id1=351650(m1=4.94443) id2=400481(m2=14.7646) (r=1.10505) type1=4 type2=1 rad1[RSUN]=90.8802 rad2[RSUN]=5.41621
t=0.00030369 disruptboth id1=365465(m1=11.1201) id2=400507(m2=15.2716) (r=1.21814) type1=4 type2=1 rad1[RSUN]=1580.4 rad2[RSUN]=5.66721
t=0.00030369 disruptboth id1=301470(m1=9.45423) id2=400408(m2=14.2162) (r=1.30211) type1=2 type2=1 rad1[RSUN]=29.3927 rad2[RSUN]=5.16199
t=0.00030369 disruptboth id1=176473(m1=9.23241) id2=400237(m2=18.6099) (r=1.45126) type1=1 type2=1 rad1[RSUN]=15.0342 rad2[RSUN]=7.99539
t=0.00030369 disruptboth id1=289909(m1=10.8481) id2=400389(m2=21.9648) (r=1.45283) type1=4 type2=1 rad1[RSUN]=1230.13 rad2[RSUN]=14.6521
t=0.00030369 disruptboth id1=112368(m1=11.5345) id2=400145(m2=18.669) (r=1.49604) type1=4 type2=1 rad1[RSUN]=1720.67 rad2[RSUN]=7.99703
t=0.00030369 disruptboth id1=327779(m1=3.23977) id2=400446(m2=20.1177) (r=1.57136) type1=1 type2=1 rad1[RSUN]=15.1498 rad2[RSUN]=9.92571
t=0.00030369 disruptboth id1=355804(m1=3.50765) id2=400490(m2=16.3461) (r=1.74119) type1=4 type2=1 rad1[RSUN]=54.4642 rad2[RSUN]=6.26245
t=0.00030369 disruptboth id1=261467(m1=3.34699) id2=400342(m2=20.8089) (r=1.79724) type1=4 type2=1 rad1[RSUN]=53.8395 rad2[RSUN]=11.2422
t=0.00030369 disruptboth id1=317947(m1=3.27522) id2=400432(m2=14.9171) (r=1.79996) type1=4 type2=1 rad1[RSUN]=51.1174 rad2[RSUN]=5.48966
t=0.00030369 disruptboth id1=263522(m1=4.55172) id2=400348(m2=33.3987) (r=1.83513) type1=4 type2=1 rad1[RSUN]=2034.51 rad2[RSUN]=9.60204
t=0.00030369 disruptboth id1=351627(m1=3.3807) id2=400480(m2=17.9582) (r=1.99787) type1=4 type2=1 rad1[RSUN]=58.1663 rad2[RSUN]=7.39971
t=0.00030369 disruptboth id1=361755(m1=3.77) id2=400501(m2=35.0161) (r=2.01732) type1=4 type2=1 rad1[RSUN]=0.945665 rad2[RSUN]=8.58792
t=0.00030369 disruptboth id1=374750(m1=4.03608) id2=400519(m2=19.4218) (r=2.26138) type1=4 type2=1 rad1[RSUN]=119.549 rad2[RSUN]=8.91135
t=0.00030369 disruptboth id1=395608(m1=3.38265) id2=400544(m2=18.479) (r=2.51581) type1=1 type2=1 rad1[RSUN]=15.0896 rad2[RSUN]=7.86736
t=0.00030369 disruptboth id1=361260(m1=4.07308) id2=400500(m2=22.2083) (r=2.73011) type1=4 type2=1 rad1[RSUN]=79.0321 rad2[RSUN]=14.208
t=0.00030369 disruptboth id1=320554(m1=3.439) id2=400440(m2=20.2038) (r=3.64559) type1=4 type2=1 rad1[RSUN]=49.5795 rad2[RSUN]=10.0704
t=0.000332121 disruptboth id1=32356(m1=2.99921) id2=400047(m2=20.5014) (r=0.190599) type1=4 type2=4 rad1[RSUN]=202.209 rad2[RSUN]=45.4035
t=0.000332121 disruptboth id1=101198(m1=8.78305) id2=400129(m2=17.0248) (r=0.211363) type1=4 type2=1 rad1[RSUN]=1378.64 rad2[RSUN]=7.55115
t=0.000332121 disruptboth id1=81905(m1=2.84258) id2=400107(m2=13.4689) (r=0.246044) type1=4 type2=1 rad1[RSUN]=82.8535 rad2[RSUN]=5.08237
t=0.000332121 disruptboth id1=104209(m1=2.98288) id2=400131(m2=16.5917) (r=0.270028) type1=4 type2=1 rad1[RSUN]=125.184 rad2[RSUN]=7.14502
t=0.000332121 disruptboth id1=19048(m1=3.12552) id2=400026(m2=18.3997) (r=0.322052) type1=4 type2=1 rad1[RSUN]=41.9771 rad2[RSUN]=9.49117
t=0.000332121 disruptboth id1=109190(m1=7.4049) id2=400139(m2=12.6979) (r=0.324286) type1=4 type2=1 rad1[RSUN]=42.1661 rad2[RSUN]=4.722
t=0.000332121 disruptboth id1=57113(m1=7.87663) id2=400076(m2=14.9636) (r=0.358839) type1=4 type2=1 rad1[RSUN]=50.2416 rad2[RSUN]=5.9103
t=0.000332121 disruptboth id1=53996(m1=2.71482) id2=400071(m2=18.1996) (r=0.360758) type1=4 type2=1 rad1[RSUN]=44.8599 rad2[RSUN]=9.13804
t=0.000332121 disruptboth id1=128397(m1=2.74818) id2=400172(m2=13.9868) (r=0.386881) type1=4 type2=1 rad1[RSUN]=72.8124 rad2[RSUN]=5.34617
t=0.000332121 disruptboth id1=54014(m1=3.01698) id2=400072(m2=30.8616) (r=0.461475) type1=7 type2=1 rad1[RSUN]=0.870131 rad2[RSUN]=7.71557
t=0.000332121 disruptboth id1=144670(m1=8.00251) id2=400193(m2=14.2636) (r=0.488681) type1=4 type2=1 rad1[RSUN]=56.1888 rad2[RSUN]=5.49764
t=0.000332121 disruptboth id1=340643(m1=8.16246) id2=400463(m2=20.1717) (r=0.484181) type1=4 type2=4 rad1[RSUN]=79.8072 rad2[RSUN]=41.1341
t=0.000332121 disrupt1 idr=504727(mr=21.5687) id1=107853(m1=20.5004):id2=400137(m2=19.3482) (r=0.549839) typer=4 type1=4 type2=1 radr[RSUN]=2927.81 rad1[RSUN]=45.6623 rad2[RSUN]=11.7169
t=0.000332121 disruptboth id1=132753(m1=8.23174) id2=400179(m2=16.8966) (r=0.576145) type1=4 type2=1 rad1[RSUN]=98.3479 rad2[RSUN]=7.4418
t=0.000332121 disruptboth id1=281424(m1=3.39236) id2=400374(m2=13.6398) (r=0.576292) type1=4 type2=1 rad1[RSUN]=103.686 rad2[RSUN]=5.16806
t=0.000332121 disruptboth id1=137829(m1=7.42406) id2=400185(m2=14.5693) (r=0.58795) type1=4 type2=1 rad1[RSUN]=42.2966 rad2[RSUN]=5.67153
t=0.000332121 disruptboth id1=137156(m1=2.65775) id2=400184(m2=19.8368) (r=0.651629) type1=4 type2=1 rad1[RSUN]=44.1027 rad2[RSUN]=13.4029
t=0.000332121 disruptboth id1=171324(m1=7.99134) id2=400230(m2=13.3919) (r=0.694403) type1=4 type2=1 rad1[RSUN]=55.263 rad2[RSUN]=5.04527
t=0.000332121 disruptboth id1=174191(m1=7.39205) id2=400234(m2=14.9698) (r=0.695509) type1=4 type2=1 rad1[RSUN]=42.0915 rad2[RSUN]=5.91419
t=0.000332121 disruptboth id1=352446(m1=3.31293) id2=400483(m2=14.7664) (r=0.777919) type1=4 type2=1 rad1[RSUN]=334.489 rad2[RSUN]=5.78792
t=0.000332121 disruptboth id1=136297(m1=19.7588) id2=400182(m2=20.9805) (r=0.807573) type1=14 type2=4 rad1[RSUN]=8.37736e-05 rad2[RSUN]=191.111
t=0.000332121 disruptboth id1=208592(m1=7.80257) id2=400278(m2=20.2382) (r=0.755272) type1=4 type2=4 rad1[RSUN]=48.0741 rad2[RSUN]=41.3647
t=0.000332121 disruptboth id1=48017(m1=8.41449) id2=400064(m2=19.4038) (r=0.926893) type1=4 type2=1 rad1[RSUN]=212.753 rad2[RSUN]=11.8858
t=0.000332121 disruptboth id1=302148(m1=8.11987) id2=400409(m2=18.6471) (r=1.01674) type1=4 type2=1 rad1[RSUN]=71.3552 rad2[RSUN]=9.9728
t=0.000332121 disruptboth id1=244310(m1=8.01031) id2=400323(m2=19.5562) (r=1.03668) type1=4 type2=1 rad1[RSUN]=57.0661 rad2[RSUN]=12.3778
t=0.000332121 disruptboth id1=287996(m1=8.70909) id2=400386(m2=13.2871) (r=1.14825) type1=4 type2=1 rad1[RSUN]=1354.69 rad2[RSUN]=4.99194
t=0.000332121 disruptboth id1=314625(m1=8.19088) id2=400430(m2=19.5744) (r=1.18844) type1=4 type2=1 rad1[RSUN]=86.3286 rad2[RSUN]=12.4396
t=0.000332121 disruptboth id1=219817(m1=3.02122) id2=400290(m2=27.6036) (r=1.19258) type1=8 type2=1 rad1[RSUN]=0.828355 rad2[RSUN]=6.59231
t=0.000332121 disruptboth id1=329637(m1=8.39117) id2=400451(m2=18.1393) (r=1.22302) type1=4 type2=1 rad1[RSUN]=189.293 rad2[RSUN]=9.04075
t=0.000332121 disruptboth id1=307870(m1=7.37833) id2=400420(m2=15.5638) (r=1.38927) type1=4 type2=1 rad1[RSUN]=42.0083 rad2[RSUN]=6.31159
t=0.000332121 disruptboth id1=230938(m1=2.97745) id2=400298(m2=13.8745) (r=1.39386) type1=4 type2=1 rad1[RSUN]=91.5098 rad2[RSUN]=5.28841
t=0.000332121 disruptboth id1=209503(m1=8.70809) id2=400279(m2=13.326) (r=1.40878) type1=4 type2=1 rad1[RSUN]=1353.68 rad2[RSUN]=5.01229
t=0.000332121 disruptboth id1=281480(m1=19.7323) id2=400375(m2=21.3011) (r=1.43744) type1=14 type2=4 rad1[RSUN]=8.35002e-05 rad2[RSUN]=235.402
t=0.000332121 disruptboth id1=375426(m1=19.5949) id2=400520(m2=20.4997) (r=1.4392) type1=14 type2=4 rad1[RSUN]=8.30815e-05 rad2[RSUN]=1385.21
t=0.000332121 disruptboth id1=393270(m1=3.92233) id2=400540(m2=16.9719) (r=1.47894) type1=4 type2=1 rad1[RSUN]=77.8509 rad2[RSUN]=7.51957
t=0.000332121 disruptboth id1=360702(m1=2.79784) id2=400499(m2=17.1033) (r=1.50725) type1=4 type2=1 rad1[RSUN]=62.4664 rad2[RSUN]=7.6573
t=0.000332121 disruptboth id1=378318(m1=2.83322) id2=400525(m2=18.8465) (r=1.55872) type1=4 type2=1 rad1[RSUN]=47.6545 rad2[RSUN]=10.4032
t=0.000332121 disruptboth id1=364684(m1=8.62064) id2=400506(m2=18.2329) (r=1.64154) type1=4 type2=1 rad1[RSUN]=786.264 rad2[RSUN]=9.19245
t=0.000332121 disruptboth id1=350086(m1=8.28278) id2=400477(m2=15.9982) (r=1.71823) type1=4 type2=1 rad1[RSUN]=117.795 rad2[RSUN]=6.63759
t=0.000332121 disruptboth id1=231334(m1=3.09591) id2=400299(m2=15.4604) (r=1.94638) type1=4 type2=1 rad1[RSUN]=41.4749 rad2[RSUN]=6.23869
t=0.000332121 disruptboth id1=352496(m1=3.17152) id2=400484(m2=17.5692) (r=2.42199) type1=4 type2=1 rad1[RSUN]=411.677 rad2[RSUN]=8.19415
t=0.000332121 disruptboth id1=383052(m1=8.58158) id2=400530(m2=13.8189) (r=2.52592) type1=4 type2=1 rad1[RSUN]=587.819 rad2[RSUN]=5.25954
t=0.000332121 disruptboth id1=254881(m1=2.74464) id2=400336(m2=17.045) (r=3.45009) type1=4 type2=1 rad1[RSUN]=42.1111 rad2[RSUN]=7.59649
t=0.000344016 disruptboth id1=117367(m1=6.77151) id2=400154(m2=13.4136) (r=0.0826029) type1=4 type2=1 rad1[RSUN]=1255.44 rad2[RSUN]=5.29889
t=0.000344016 disruptboth id1=44344(m1=2.88151) id2=400060(m2=17.4843) (r=0.165248) type1=4 type2=1 rad1[RSUN]=589.083 rad2[RSUN]=9.73362
t=0.000344016 disruptboth id1=4473(m1=6.50475) id2=400004(m2=16.9336) (r=0.221663) type1=4 type2=1 rad1[RSUN]=508.491 rad2[RSUN]=8.68125
t=0.000344016 disruptboth id1=46860(m1=2.52181) id2=400063(m2=12.9678) (r=0.292185) type1=4 type2=1 rad1[RSUN]=305.843 rad2[RSUN]=4.65393
t=0.000344016 disruptboth id1=81076(m1=2.67167) id2=400104(m2=24.6403) (r=0.313636) type1=4 type2=1 rad1[RSUN]=1589.61 rad2[RSUN]=6.95526
t=0.000344016 disruptboth id1=49086(m1=6.41166) id2=400067(m2=12.791) (r=0.47385) type1=4 type2=1 rad1[RSUN]=336.656 rad2[RSUN]=4.96024
t=0.000344016 disruptboth id1=93221(m1=7.27222) id2=400122(m2=16.0391) (r=0.578438) type1=5 type2=1 rad1[RSUN]=1581.83 rad2[RSUN]=7.41005
t=0.000344016 disruptboth id1=81508(m1=6.36397) id2=400106(m2=17.7613) (r=0.70094) type1=4 type2=1 rad1[RSUN]=277.552 rad2[RSUN]=10.4787
t=0.000344016 disruptboth id1=5617(m1=2.95481) id2=400005(m2=14.9499) (r=0.710089) type1=4 type2=1 rad1[RSUN]=826.427 rad2[RSUN]=6.34195
t=0.000344016 disruptboth id1=185064(m1=6.66652) id2=400248(m2=19.4938) (r=0.860713) type1=4 type2=4 rad1[RSUN]=1109.71 rad2[RSUN]=522.409
t=0.000344016 disruptboth id1=207046(m1=2.58199) id2=400275(m2=30.8898) (r=0.870299) type1=7 type2=1 rad1[RSUN]=0.822843 rad2[RSUN]=8.45318
t=0.000344016 disruptboth id1=320462(m1=6.44286) id2=400439(m2=12.0706) (r=1.02864) type1=4 type2=1 rad1[RSUN]=384.372 rad2[RSUN]=4.6052
t=0.000344016 disruptboth id1=300813(m1=6.37352) id2=400405(m2=17.3097) (r=1.10615) type1=4 type2=1 rad1[RSUN]=288.198 rad2[RSUN]=9.39789
t=0.000344016 disruptboth id1=247372(m1=2.96474) id2=400326(m2=16.9576) (r=1.48411) type1=4 type2=1 rad1[RSUN]=1028.77 rad2[RSUN]=8.66884
t=0.000344016 disruptboth id1=368647(m1=3.65336) id2=400511(m2=16.4659) (r=1.58341) type1=4 type2=1 rad1[RSUN]=1385.17 rad2[RSUN]=5.32169
t=0.000344016 disruptboth id1=241145(m1=6.71585) id2=400318(m2=14.7627) (r=1.58497) type1=4 type2=1 rad1[RSUN]=1244.38 rad2[RSUN]=6.19615
t=0.000344016 disruptboth id1=380588(m1=6.45965) id2=400528(m2=17.9275) (r=2.44782) type1=4 type2=1 rad1[RSUN]=413.818 rad2[RSUN]=10.949
t=0.000344016 disruptboth id1=390534(m1=3.01112) id2=400537(m2=15.2591) (r=2.99457) type1=4 type2=1 rad1[RSUN]=1279.88 rad2[RSUN]=6.13385
t=0.000363117 disruptboth id1=43750(m1=2.79942) id2=400056(m2=12.7294) (r=0.12038) type1=4 type2=1 rad1[RSUN]=1219.55 rad2[RSUN]=4.99622
t=0.000363117 disruptboth id1=269473(m1=2.62219) id2=400359(m2=11.8022) (r=0.320727) type1=4 type2=1 rad1[RSUN]=89.2034 rad2[RSUN]=4.54497
t=0.000363117 disruptboth id1=83864(m1=5.42498) id2=400109(m2=14.6635) (r=0.359483) type1=4 type2=1 rad1[RSUN]=150.22 rad2[RSUN]=6.32334
t=0.000363117 disruptboth id1=62732(m1=2.44195) id2=400083(m2=17.5341) (r=0.434031) type1=4 type2=1 rad1[RSUN]=111.916 rad2[RSUN]=11.0587
t=0.000363117 disruptboth id1=112113(m1=2.49563) id2=400144(m2=17.3018) (r=0.475353) type1=4 type2=1 rad1[RSUN]=599.941 rad2[RSUN]=6.49437
t=0.000363117 disruptboth id1=36517(m1=2.58439) id2=400050(m2=15.2882) (r=0.483434) type1=4 type2=1 rad1[RSUN]=63.5925 rad2[RSUN]=6.91314
t=0.000363117 disruptboth id1=36804(m1=5.57215) id2=400052(m2=18.0375) (r=0.591441) type1=4 type2=1 rad1[RSUN]=267.949 rad2[RSUN]=13.0124
t=0.000363117 disruptboth id1=292214(m1=2.36587) id2=400393(m2=13.375) (r=0.59438) type1=4 type2=1 rad1[RSUN]=63.6371 rad2[RSUN]=5.39295
t=0.000363117 disruptboth id1=201814(m1=6.2305) id2=400266(m2=15.6441) (r=0.640038) type1=4 type2=1 rad1[RSUN]=1278.5 rad2[RSUN]=7.3118
t=0.000363117 disruptboth id1=145641(m1=5.79462) id2=400196(m2=13.4043) (r=0.691864) type1=4 type2=1 rad1[RSUN]=825.986 rad2[RSUN]=5.40933
t=0.000363117 disruptboth id1=192853(m1=2.58512) id2=400253(m2=17.8634) (r=0.694163) type1=4 type2=1 rad1[RSUN]=502.275 rad2[RSUN]=12.1452
t=0.000363117 disruptboth id1=205170(m1=2.45397) id2=400271(m2=26.9815) (r=0.705975) type1=7 type2=1 rad1[RSUN]=0.783797 rad2[RSUN]=6.86281
t=0.000363117 disruptboth id1=177705(m1=2.53791) id2=400238(m2=26.8858) (r=0.706189) type1=4 type2=1 rad1[RSUN]=0.829997 rad2[RSUN]=6.8772
t=0.000363117 disruptboth id1=169455(m1=5.3918) id2=400229(m2=15.6913) (r=0.717137) type1=4 type2=1 rad1[RSUN]=134.062 rad2[RSUN]=7.37001
t=0.000363117 disruptboth id1=275845(m1=3.71832) id2=400367(m2=16.0557) (r=0.774983) type1=4 type2=1 rad1[RSUN]=134.729 rad2[RSUN]=7.85178
t=0.000363117 disruptboth id1=294189(m1=2.62483) id2=400396(m2=13.8032) (r=0.836109) type1=4 type2=1 rad1[RSUN]=100.634 rad2[RSUN]=5.67027
t=0.000363117 disruptboth id1=223237(m1=2.69613) id2=400292(m2=17.6689) (r=0.904111) type1=4 type2=1 rad1[RSUN]=68.4685 rad2[RSUN]=11.5221
t=0.000363117 disruptboth id1=189469(m1=5.85384) id2=400250(m2=12.0719) (r=0.946161) type1=4 type2=1 rad1[RSUN]=1184 rad2[RSUN]=4.67559
t=0.000363117 disruptboth id1=143767(m1=5.50626) id2=400191(m2=16.5686) (r=0.949983) type1=4 type2=1 rad1[RSUN]=203.364 rad2[RSUN]=8.68531
t=0.000363117 disruptboth id1=252422(m1=2.82941) id2=400332(m2=15.539) (r=1.06812) type1=4 type2=1 rad1[RSUN]=1246.92 rad2[RSUN]=7.09569
t=0.000363117 disruptboth id1=1218(m1=2.62557) id2=400001(m2=12.6831) (r=1.09821) type1=4 type2=1 rad1[RSUN]=92.4418 rad2[RSUN]=4.99203
t=0.000363117 disruptboth id1=319136(m1=5.56079) id2=400435(m2=15.7084) (r=1.21951) type1=4 type2=1 rad1[RSUN]=254.042 rad2[RSUN]=7.39067
t=0.000363117 disruptboth id1=61278(m1=2.61005) id2=400082(m2=14.4155) (r=1.56484) type1=4 type2=1 rad1[RSUN]=79.0999 rad2[RSUN]=6.11929
t=0.000363117 disruptboth id1=338488(m1=6.17375) id2=400460(m2=16.7261) (r=1.60036) type1=4 type2=1 rad1[RSUN]=1265.65 rad2[RSUN]=8.98661
t=0.000363117 disruptboth id1=282929(m1=2.54541) id2=400377(m2=13.7785) (r=1.71851) type1=4 type2=1 rad1[RSUN]=66.5243 rad2[RSUN]=5.65365
t=0.000363117 disruptboth id1=337383(m1=6.13409) id2=400459(m2=16.6142) (r=1.73923) type1=4 type2=1 rad1[RSUN]=1256.84 rad2[RSUN]=8.76527
t=0.000363117 disruptboth id1=341718(m1=5.26003) id2=400467(m2=19.1072) (r=1.88355) type1=4 type2=4 rad1[RSUN]=1230.02 rad2[RSUN]=40.2735
t=0.000363117 disruptboth id1=318904(m1=2.47881) id2=400434(m2=25.3058) (r=2.01576) type1=7 type2=1 rad1[RSUN]=0.830068 rad2[RSUN]=6.28347
t=0.000363117 disruptboth id1=371617(m1=2.44541) id2=400514(m2=21.3147) (r=2.24608) type1=4 type2=1 rad1[RSUN]=414.874 rad2[RSUN]=9.13725
t=0.000363117 disruptboth id1=249656(m1=2.51483) id2=400328(m2=24.9162) (r=2.33753) type1=7 type2=1 rad1[RSUN]=0.789732 rad2[RSUN]=6.18214
t=0.000363117 disruptboth id1=341623(m1=5.20734) id2=400466(m2=17.9326) (r=2.44884) type1=4 type2=1 rad1[RSUN]=79.6072 rad2[RSUN]=12.5647
t=0.000363117 disruptboth id1=396194(m1=2.50632) id2=400545(m2=16.9184) (r=2.71588) type1=4 type2=1 rad1[RSUN]=140.318 rad2[RSUN]=9.39065
t=0.000363117 disruptboth id1=345815(m1=4.61825) id2=400472(m2=20.0641) (r=2.79998) type1=4 type2=1 rad1[RSUN]=1298.72 rad2[RSUN]=9.61776
t=0.000376726 disruptboth id1=32181(m1=4.46476) id2=400046(m2=16.5068) (r=0.212229) type1=4 type2=1 rad1[RSUN]=186.652 rad2[RSUN]=9.82638
t=0.000376726 disruptboth id1=59995(m1=5.07744) id2=400080(m2=18.1275) (r=0.223719) type1=5 type2=4 rad1[RSUN]=1392.97 rad2[RSUN]=119.256
t=0.000376726 disruptboth id1=325066(m1=4.81241) id2=400445(m2=16.9879) (r=0.401994) type1=4 type2=1 rad1[RSUN]=1146.6 rad2[RSUN]=11.3796
t=0.000376726 disruptboth id1=78182(m1=2.37805) id2=400101(m2=28.0001) (r=0.44196) type1=7 type2=1 rad1[RSUN]=0.728511 rad2[RSUN]=7.69872
t=0.000376726 disruptboth id1=268046(m1=4.89927) id2=400354(m2=12.6289) (r=0.469626) type1=4 type2=1 rad1[RSUN]=1167.94 rad2[RSUN]=5.11204
t=0.000376726 disruptboth id1=10088(m1=4.8837) id2=400012(m2=17.1) (r=0.521324) type1=4 type2=1 rad1[RSUN]=1164.08 rad2[RSUN]=11.8264
t=0.000376726 disruptboth id1=20188(m1=2.35508) id2=400030(m2=12.2439) (r=0.532216) type1=4 type2=1 rad1[RSUN]=202.422 rad2[RSUN]=4.88841
t=0.000376726 disruptboth id1=105564(m1=2.48771) id2=400132(m2=13.0303) (r=0.73538) type1=4 type2=1 rad1[RSUN]=320.438 rad2[RSUN]=5.36259
t=0.000376726 disruptboth id1=49356(m1=4.53393) id2=400068(m2=17.6901) (r=0.750806) type1=4 type2=4 rad1[RSUN]=261.25 rad2[RSUN]=38.0741
t=0.000376726 disruptboth id1=168821(m1=2.54683) id2=400227(m2=14.367) (r=0.809781) type1=4 type2=1 rad1[RSUN]=1173.32 rad2[RSUN]=6.09612
t=0.000376726 disruptboth id1=56918(m1=4.50453) id2=400075(m2=15.2677) (r=0.88425) type1=4 type2=1 rad1[RSUN]=225.592 rad2[RSUN]=7.43276
t=0.000376726 disruptboth id1=224829(m1=4.8815) id2=400293(m2=16.5229) (r=0.989328) type1=4 type2=1 rad1[RSUN]=1163.57 rad2[RSUN]=9.86826
t=0.000376726 disruptboth id1=354674(m1=2.45433) id2=400486(m2=16.434) (r=1.104) type1=4 type2=1 rad1[RSUN]=712.865 rad2[RSUN]=8.78202
t=0.000376726 disrupt1 idr=651937(mr=4.52455) id1=160126(m1=18.1788):id2=400217(m2=17.8517) (r=1.11374) typer=14 type1=4 type2=4 radr[RSUN]=1.91841e-05 rad1[RSUN]=303.164 rad2[RSUN]=45.8983
t=0.000376726 disruptboth id1=386513(m1=4.71652) id2=400535(m2=13.8278) (r=2.30168) type1=4 type2=1 rad1[RSUN]=773.426 rad2[RSUN]=5.93769
t=0.000376726 disruptboth id1=328112(m1=2.39415) id2=400448(m2=23.9289) (r=2.62686) type1=7 type2=1 rad1[RSUN]=0.738322 rad2[RSUN]=6.04715
t=0.000376726 disruptboth id1=394709(m1=2.28358) id2=400543(m2=15.1648) (r=3.76678) type1=4 type2=1 rad1[RSUN]=213.068 rad2[RSUN]=7.1413
t=0.000376726 disruptboth id1=70045(m1=16.9767) id2=400092(m2=18.294) (r=4.92773) type1=14 type2=4 rad1[RSUN]=7.12166e-05 rad2[RSUN]=636.966
t=0.000394797 disruptboth id1=44608(m1=4.25249) id2=400061(m2=16.0028) (r=0.272804) type1=4 type2=1 rad1[RSUN]=1124.07 rad2[RSUN]=9.50963
t=0.000394797 disruptboth id1=22067(m1=3.9323) id2=400032(m2=17.3008) (r=0.368512) type1=4 type2=4 rad1[RSUN]=126.87 rad2[RSUN]=41.9596
t=0.000394797 disruptboth id1=178018(m1=2.18747) id2=400240(m2=15.4652) (r=0.529005) type1=4 type2=1 rad1[RSUN]=94.5889 rad2[RSUN]=8.28109
t=0.000394797 disruptboth id1=142309(m1=2.1962) id2=400190(m2=12.0804) (r=0.751475) type1=4 type2=1 rad1[RSUN]=115.988 rad2[RSUN]=4.8916
t=0.000394797 disruptboth id1=194348(m1=2.44318) id2=400256(m2=12.6151) (r=0.772548) type1=4 type2=1 rad1[RSUN]=1148.93 rad2[RSUN]=5.18581
t=0.000394797 disruptboth id1=230560(m1=4.05322) id2=400296(m2=15.689) (r=0.804229) type1=4 type2=1 rad1[RSUN]=301.603 rad2[RSUN]=8.74727
t=0.000394797 disruptboth id1=77137(m1=3.87054) id2=400099(m2=15.6603) (r=0.825865) type1=4 type2=1 rad1[RSUN]=90.6259 rad2[RSUN]=8.68499
t=0.000394797 disruptboth id1=109805(m1=4.33369) id2=400141(m2=12.4091) (r=0.845609) type1=4 type2=1 rad1[RSUN]=1150.07 rad2[RSUN]=5.08974
t=0.000394797 disruptboth id1=318198(m1=4.18674) id2=400433(m2=15.2834) (r=0.852964) type1=4 type2=1 rad1[RSUN]=1099.12 rad2[RSUN]=7.95735
t=0.000394797 disruptboth id1=187312(m1=4.14379) id2=400249(m2=16.5435) (r=0.964793) type1=4 type2=1 rad1[RSUN]=707.921 rad2[RSUN]=11.2829
t=0.000394797 disruptboth id1=236460(m1=2.21514) id2=400303(m2=22.6091) (r=0.98602) type1=7 type2=1 rad1[RSUN]=0.786584 rad2[RSUN]=5.68661
t=0.000394797 disruptboth id1=312829(m1=2.41936) id2=400428(m2=14.8423) (r=1.14422) type1=4 type2=1 rad1[RSUN]=1127.65 rad2[RSUN]=6.50669
t=0.000394797 disruptboth id1=270865(m1=3.92489) id2=400361(m2=11.9829) (r=1.44826) type1=4 type2=1 rad1[RSUN]=121.34 rad2[RSUN]=4.83709
t=0.000394797 disruptboth id1=377384(m1=3.87633) id2=400524(m2=16.3304) (r=1.50341) type1=4 type2=1 rad1[RSUN]=93.3582 rad2[RSUN]=10.4985
t=0.000394797 disruptboth id1=293739(m1=2.34142) id2=400395(m2=14.2399) (r=1.57194) type1=4 type2=1 rad1[RSUN]=116.971 rad2[RSUN]=6.54962
t=0.000394797 disruptboth id1=177845(m1=4.11023) id2=400239(m2=11.5404) (r=1.58322) type1=4 type2=1 rad1[RSUN]=505.179 rad2[RSUN]=4.59543
t=0.000394797 disruptboth id1=310763(m1=4.33729) id2=400426(m2=16.4279) (r=1.6175) type1=4 type2=1 rad1[RSUN]=1151.01 rad2[RSUN]=10.8213
t=0.000394797 disruptboth id1=307556(m1=3.96332) id2=400418(m2=12.191) (r=1.63752) type1=4 type2=1 rad1[RSUN]=154.114 rad2[RSUN]=4.95775
t=0.000394797 disruptboth id1=266123(m1=2.36985) id2=400351(m2=17.6881) (r=1.68587) type1=4 type2=4 rad1[RSUN]=807.962 rad2[RSUN]=35.2495
t=0.000394797 disruptboth id1=355110(m1=4.08159) id2=400489(m2=12.2685) (r=1.81507) type1=4 type2=1 rad1[RSUN]=386.737 rad2[RSUN]=5.00398
t=0.000394797 disruptboth id1=359975(m1=2.19383) id2=400498(m2=20.1535) (r=1.95796) type1=4 type2=1 rad1[RSUN]=332.999 rad2[RSUN]=6.92361
t=0.000394797 disruptboth id1=332269(m1=2.29515) id2=400454(m2=14.5228) (r=2.06272) type1=4 type2=1 rad1[RSUN]=576.164 rad2[RSUN]=6.35418
t=0.000394797 disrupt2 idr=799148(mr=7.22108) id1=291652(m1=17.6272):id2=400391(m2=17.6348) (r=2.15939) typer=14 type1=4 type2=4 radr[RSUN]=3.06174e-05 rad1[RSUN]=228.568 rad2[RSUN]=93.0585
t=0.000394797 disruptboth id1=370374(m1=3.88776) id2=400512(m2=16.9852) (r=2.22169) type1=4 type2=4 rad1[RSUN]=98.9252 rad2[RSUN]=35.0358
t=0.000394797 disruptboth id1=390833(m1=3.98327) id2=400539(m2=11.4449) (r=2.34222) type1=4 type2=1 rad1[RSUN]=176.524 rad2[RSUN]=4.54582
t=0.000394797 disruptboth id1=398301(m1=2.41227) id2=400549(m2=11.0197) (r=3.83294) type1=4 type2=1 rad1[RSUN]=1104.01 rad2[RSUN]=4.32482
t=0.000403188 disruptboth id1=73620(m1=2.28603) id2=400095(m2=25.9305) (r=0.357275) type1=7 type2=1 rad1[RSUN]=0.719656 rad2[RSUN]=7.36345
t=0.000403188 disruptboth id1=157351(m1=3.78061) id2=400212(m2=17.0052) (r=0.662823) type1=4 type2=4 rad1[RSUN]=1092.01 rad2[RSUN]=110.789
t=0.000403188 disruptboth id1=242020(m1=2.14892) id2=400320(m2=26.5212) (r=0.87405) type1=7 type2=1 rad1[RSUN]=0.753823 rad2[RSUN]=7.48335
t=0.000403188 disruptboth id1=350363(m1=2.20702) id2=400478(m2=26.656) (r=0.939098) type1=4 type2=4 rad1[RSUN]=1415.94 rad2[RSUN]=37.409
t=0.000403188 disruptboth id1=226399(m1=3.73305) id2=400295(m2=16.8265) (r=1.10148) type1=4 type2=4 rad1[RSUN]=1072.54 rad2[RSUN]=1071.21
t=0.000403188 disruptboth id1=305268(m1=3.60318) id2=400413(m2=13.6226) (r=1.75026) type1=4 type2=1 rad1[RSUN]=444.885 rad2[RSUN]=6.25379
t=0.000403188 disrupt1 idr=799149(mr=28.7802) id1=274271(m1=12.0571):id2=400363(m2=18.0805) (r=2.23784) typer=14 type1=14 type2=14 radr[RSUN]=0.000122028 rad1[RSUN]=5.1122e-05 rad2[RSUN]=7.66611e-05
t=0.000403188 disruptboth id1=340667(m1=2.14999) id2=400464(m2=26.8011) (r=2.39656) type1=7 type2=1 rad1[RSUN]=0.711383 rad2[RSUN]=7.65347
t=0.000403188 disruptboth id1=319206(m1=2.22765) id2=400437(m2=21.6805) (r=2.55912) type1=7 type2=1 rad1[RSUN]=0.739429 rad2[RSUN]=5.57501
t=0.000417988 disruptboth id1=2382(m1=2.10491) id2=400002(m2=24.1395) (r=0.147932) type1=7 type2=1 rad1[RSUN]=0.744772 rad2[RSUN]=6.45587
t=0.000417988 disruptboth id1=17061(m1=2.10062) id2=400021(m2=22.1432) (r=0.250904) type1=7 type2=1 rad1[RSUN]=0.744002 rad2[RSUN]=5.72363
t=0.000417988 disruptboth id1=308866(m1=2.07135) id2=400423(m2=22.9259) (r=0.339327) type1=7 type2=1 rad1[RSUN]=0.729517 rad2[RSUN]=5.97843
t=0.000417988 disruptboth id1=6310(m1=2.05827) id2=400008(m2=15.9303) (r=0.466094) type1=4 type2=1 rad1[RSUN]=114.623 rad2[RSUN]=11.8286
t=0.000417988 disrupt2 idr=483697(mr=3.5379) id1=56186(m1=3.53618):id2=400074(m2=29.8454) (r=0.510146) typer=14 type1=14 type2=1 radr[RSUN]=1.50007e-05 rad1[RSUN]=1.49934e-05 rad2[RSUN]=19.0523
t=0.000417988 disrupt1 idr=504728(mr=19.3825) id1=355971(m1=16.5933):id2=400491(m2=16.5869) (r=0.544343) typer=5 type1=4 type2=4 radr[RSUN]=2632.62 rad1[RSUN]=58.5929 rad2[RSUN]=57.4538
t=0.000417988 disruptboth id1=113864(m1=2.21266) id2=400148(m2=13.0312) (r=0.615723) type1=4 type2=1 rad1[RSUN]=588.411 rad2[RSUN]=5.81727
t=0.000417988 disruptboth id1=168826(m1=3.43201) id2=400228(m2=14.3188) (r=0.760999) type1=4 type2=1 rad1[RSUN]=646.939 rad2[RSUN]=7.32469
t=0.000417988 disruptboth id1=262220(m1=2.18722) id2=400345(m2=13.7209) (r=0.873177) type1=4 type2=1 rad1[RSUN]=188.238 rad2[RSUN]=6.51633
t=0.000417988 disruptboth id1=183444(m1=2.64136) id2=400246(m2=16.2283) (r=0.94342) type1=4 type2=4 rad1[RSUN]=686.176 rad2[RSUN]=34.7195
t=0.000417988 disruptboth id1=243222(m1=3.54078) id2=400322(m2=14.6421) (r=0.985791) type1=4 type2=1 rad1[RSUN]=1059.59 rad2[RSUN]=7.8807
t=0.000417988 disruptboth id1=9645(m1=2.17315) id2=400011(m2=11.5746) (r=1.00012) type1=4 type2=1 rad1[RSUN]=132.759 rad2[RSUN]=4.77408
t=0.000417988 disruptboth id1=173143(m1=3.49348) id2=400232(m2=12.461) (r=1.08445) type1=4 type2=1 rad1[RSUN]=1039.94 rad2[RSUN]=5.36103
t=0.000417988 disruptboth id1=250291(m1=2.21722) id2=400329(m2=12.2689) (r=1.19355) type1=4 type2=1 rad1[RSUN]=666.009 rad2[RSUN]=5.21998
t=0.000417988 disruptboth id1=323064(m1=2.06481) id2=400442(m2=14.1996) (r=1.28267) type1=4 type2=1 rad1[RSUN]=135.083 rad2[RSUN]=7.14114
t=0.000417988 disruptboth id1=284510(m1=2.22798) id2=400379(m2=11.9425) (r=1.37594) type1=4 type2=1 rad1[RSUN]=1038.38 rad2[RSUN]=4.93955
t=0.000417988 disruptboth id1=233223(m1=2.12579) id2=400301(m2=14.5494) (r=1.43923) type1=4 type2=1 rad1[RSUN]=415.833 rad2[RSUN]=7.08024
t=0.000417988 disruptboth id1=386727(m1=2.09512) id2=400536(m2=27.2768) (r=2.91717) type1=7 type2=4 rad1[RSUN]=0.734949 rad2[RSUN]=37.0827
t=0.000437862 disruptboth id1=111094(m1=2.00907) id2=400143(m2=23.8337) (r=0.221353) type1=7 type2=1 rad1[RSUN]=0.711647 rad2[RSUN]=6.46931
t=0.000437862 disruptboth id1=23461(m1=3.163) id2=400034(m2=14.691) (r=0.272414) type1=4 type2=1 rad1[RSUN]=1007.6 rad2[RSUN]=8.6867
t=0.000437862 disruptboth id1=16213(m1=3.23224) id2=400017(m2=15.254) (r=0.306792) type1=5 type2=1 rad1[RSUN]=1192.84 rad2[RSUN]=10.4978
t=0.000437862 disruptboth id1=182783(m1=2.00007) id2=400244(m2=21.3121) (r=0.355541) type1=7 type2=1 rad1[RSUN]=0.721379 rad2[RSUN]=5.53248
t=0.000437862 disruptboth id1=69162(m1=2.08391) id2=400090(m2=11.796) (r=0.375482) type1=4 type2=1 rad1[RSUN]=98.9304 rad2[RSUN]=5.01933
t=0.000437862 disruptboth id1=157572(m1=2.84756) id2=400214(m2=10.085) (r=0.385355) type1=4 type2=1 rad1[RSUN]=70.6324 rad2[RSUN]=4.04877
t=0.000437862 disruptboth id1=168786(m1=3.06266) id2=400226(m2=11.2314) (r=0.625705) type1=4 type2=1 rad1[RSUN]=396.745 rad2[RSUN]=4.66101
t=0.000437862 disruptboth id1=116864(m1=2.03396) id2=400153(m2=13.0899) (r=0.647303) type1=4 type2=1 rad1[RSUN]=199.476 rad2[RSUN]=6.08779
t=0.000437862 disruptboth id1=284154(m1=2.0175) id2=400378(m2=10.388) (r=0.749352) type1=4 type2=1 rad1[RSUN]=115.168 rad2[RSUN]=4.19807
t=0.000437862 disruptboth id1=251572(m1=2.42405) id2=400331(m2=13.2678) (r=0.751992) type1=4 type2=1 rad1[RSUN]=121.618 rad2[RSUN]=6.28615
t=0.000437862 disruptboth id1=146819(m1=2.99417) id2=400198(m2=16.0606) (r=0.764568) type1=4 type2=4 rad1[RSUN]=197.45 rad2[RSUN]=45.9278
t=0.000437862 disruptboth id1=358921(m1=2.14831) id2=400495(m2=15.731) (r=0.775778) type1=4 type2=4 rad1[RSUN]=98.9448 rad2[RSUN]=34.136
t=0.000437862 disruptboth id1=221327(m1=2.11347) id2=400291(m2=13.9724) (r=0.867465) type1=4 type2=1 rad1[RSUN]=250.973 rad2[RSUN]=7.22979
t=0.000437862 disruptboth id1=247001(m1=3.24223) id2=400325(m2=15.1778) (r=0.891981) type1=5 type2=1 rad1[RSUN]=1435.44 rad2[RSUN]=10.1892
t=0.000437862 disrupt1 idr=609878(mr=16.7721) id1=239973(m1=16.1962):id2=400314(m2=15.5413) (r=0.894598) typer=14 type1=4 type2=1 radr[RSUN]=7.11138e-05 rad1[RSUN]=1006.26 rad2[RSUN]=11.665
t=0.000437862 disruptboth id1=263164(m1=3.00278) id2=400347(m2=16.0455) (r=0.904937) type1=4 type2=4 rad1[RSUN]=213.682 rad2[RSUN]=44.524
t=0.000437862 disruptboth id1=242214(m1=2.00171) id2=400321(m2=23.7637) (r=0.963163) type1=4 type2=1 rad1[RSUN]=440.575 rad2[RSUN]=7.13182
t=0.000437862 disruptboth id1=146589(m1=2.10678) id2=400197(m2=13.923) (r=0.980733) type1=4 type2=1 rad1[RSUN]=170.344 rad2[RSUN]=7.15046
t=0.000437862 disruptboth id1=268662(m1=2.90108) id2=400355(m2=15.2348) (r=1.04206) type1=4 type2=1 rad1[RSUN]=96.0784 rad2[RSUN]=10.4231
t=0.000437862 disruptboth id1=132256(m1=2.11052) id2=400177(m2=23.7325) (r=1.18147) type1=7 type2=1 rad1[RSUN]=0.716694 rad2[RSUN]=6.52068
t=0.000437862 disruptboth id1=237512(m1=3.01499) id2=400308(m2=11.6119) (r=1.4071) type1=4 type2=1 rad1[RSUN]=240.006 rad2[RSUN]=4.89714
t=0.000437862 disruptboth id1=154045(m1=2.14889) id2=400206(m2=24.4873) (r=1.48375) type1=8 type2=1 rad1[RSUN]=0.856746 rad2[RSUN]=6.94048
t=0.000437862 disruptboth id1=288865(m1=2.0013) id2=400387(m2=12.1094) (r=1.51453) type1=4 type2=1 rad1[RSUN]=66.9254 rad2[RSUN]=5.24078
t=0.000437862 disruptboth id1=17677(m1=2.05698) id2=400023(m2=16.1426) (r=1.66255) type1=4 type2=1 rad1[RSUN]=412.331 rad2[RSUN]=10.3282
t=0.000437862 disruptboth id1=144216(m1=2.05408) id2=400192(m2=14.693) (r=1.93419) type1=4 type2=1 rad1[RSUN]=436.857 rad2[RSUN]=6.584
t=0.000437862 disruptboth id1=330942(m1=3.17029) id2=400453(m2=12.9484) (r=2.09142) type1=4 type2=1 rad1[RSUN]=1010.76 rad2[RSUN]=5.95228
t=0.000437862 disruptboth id1=375570(m1=2.02872) id2=400521(m2=15.7447) (r=3.07568) type1=4 type2=4 rad1[RSUN]=93.8925 rad2[RSUN]=34.1887
t=0.000456304 disruptboth id1=44196(m1=2.67013) id2=400058(m2=10.6304) (r=0.576113) type1=4 type2=1 rad1[RSUN]=337.3 rad2[RSUN]=4.41752
t=0.000456304 disruptboth id1=195498(m1=2.72858) id2=400257(m2=9.76675) (r=0.637328) type1=4 type2=1 rad1[RSUN]=729.067 rad2[RSUN]=3.96247
t=0.000456304 disruptboth id1=91119(m1=1.94501) id2=400117(m2=12.7237) (r=0.642178) type1=4 type2=1 rad1[RSUN]=295.622 rad2[RSUN]=4.77999
t=0.000456304 disruptboth id1=19807(m1=2.04054) id2=400028(m2=23.7416) (r=0.683132) type1=4 type2=1 rad1[RSUN]=601.268 rad2[RSUN]=6.79521
t=0.000456304 disruptboth id1=219722(m1=1.94194) id2=400289(m2=16.8537) (r=0.767419) type1=4 type2=4 rad1[RSUN]=272.02 rad2[RSUN]=59.1611
t=0.000456304 disruptboth id1=309760(m1=2.75146) id2=400425(m2=14.5923) (r=0.840229) type1=4 type2=1 rad1[RSUN]=955.589 rad2[RSUN]=9.66347
t=0.000456304 disruptboth id1=237532(m1=2.05715) id2=400309(m2=14.1917) (r=1.02774) type1=4 type2=1 rad1[RSUN]=972.768 rad2[RSUN]=8.38589
t=0.000456304 disruptboth id1=216151(m1=1.90682) id2=400287(m2=10.5032) (r=1.07728) type1=4 type2=1 rad1[RSUN]=78.8911 rad2[RSUN]=4.34557
t=0.000456304 disruptboth id1=205358(m1=2.76206) id2=400272(m2=13.3122) (r=1.24055) type1=4 type2=1 rad1[RSUN]=960.407 rad2[RSUN]=6.73931
t=0.000456304 disruptboth id1=215362(m1=2.05909) id2=400285(m2=9.93772) (r=1.3384) type1=4 type2=1 rad1[RSUN]=977.259 rad2[RSUN]=4.04084
t=0.000456304 disruptboth id1=308368(m1=2.74712) id2=400421(m2=14.9276) (r=1.42219) type1=4 type2=1 rad1[RSUN]=953.575 rad2[RSUN]=11.0782
t=0.000456304 disrupt2 idr=715027(mr=15.3802) id1=192080(m1=5.5837):id2=400252(m2=26.0835) (r=1.44782) typer=14 type1=4 type2=4 radr[RSUN]=6.52122e-05 rad1[RSUN]=0.731627 rad2[RSUN]=127.538
t=0.000456304 disruptboth id1=98477(m1=2.5356) id2=400125(m2=13.4421) (r=1.47889) type1=4 type2=1 rad1[RSUN]=84.2711 rad2[RSUN]=6.94808
t=0.000456304 disruptboth id1=306297(m1=1.99883) id2=400415(m2=24.2451) (r=1.49165) type1=7 type2=1 rad1[RSUN]=0.695746 rad2[RSUN]=6.98984
t=0.000456304 disruptboth id1=340179(m1=2.805) id2=400462(m2=14.9933) (r=1.67038) type1=4 type2=1 rad1[RSUN]=980.421 rad2[RSUN]=11.372
t=0.000456304 disruptboth id1=366759(m1=2.65629) id2=400508(m2=11.9733) (r=1.88623) type1=4 type2=1 rad1[RSUN]=287.374 rad2[RSUN]=5.32136
t=0.000456304 disruptboth id1=367917(m1=2.6535) id2=400509(m2=10.8095) (r=1.9983) type1=4 type2=1 rad1[RSUN]=278.107 rad2[RSUN]=4.52166
t=0.000456304 disruptboth id1=261674(m1=1.95354) id2=400343(m2=16.3623) (r=2.03212) type1=4 type2=1 rad1[RSUN]=435.953 rad2[RSUN]=5.26624
t=0.000456304 disruptboth id1=284871(m1=1.97853) id2=400380(m2=23.8727) (r=2.17564) type1=7 type2=1 rad1[RSUN]=0.712405 rad2[RSUN]=6.75837
t=0.000456304 disruptboth id1=373498(m1=2.04089) id2=400518(m2=13.2225) (r=2.87463) type1=4 type2=1 rad1[RSUN]=101.729 rad2[RSUN]=6.62566
t=0.000471115 disruptboth id1=63241(m1=2.50021) id2=400085(m2=12.9561) (r=0.306207) type1=4 type2=1 rad1[RSUN]=932.943 rad2[RSUN]=6.65547
t=0.000471115 disruptboth id1=162984(m1=1.90817) id2=400224(m2=13.0838) (r=0.492469) type1=4 type2=1 rad1[RSUN]=135.316 rad2[RSUN]=6.85027
t=0.000471115 disruptboth id1=153872(m1=1.89137) id2=400205(m2=14.3122) (r=0.642656) type1=4 type2=1 rad1[RSUN]=156.545 rad2[RSUN]=10.0124
t=0.000471115 disruptboth id1=265525(m1=2.47204) id2=400350(m2=12.3141) (r=0.687483) type1=4 type2=1 rad1[RSUN]=829.342 rad2[RSUN]=5.8497
t=0.000471115 disruptboth id1=239488(m1=2.48425) id2=400313(m2=13.3263) (r=0.757182) type1=4 type2=1 rad1[RSUN]=922.21 rad2[RSUN]=7.2663
t=0.000471115 disruptboth id1=214787(m1=1.94238) id2=400283(m2=10.6626) (r=0.790572) type1=4 type2=1 rad1[RSUN]=244.611 rad2[RSUN]=4.52856
t=0.000471115 disruptboth id1=75197(m1=2.49574) id2=400098(m2=13.9481) (r=0.835113) type1=4 type2=1 rad1[RSUN]=930.026 rad2[RSUN]=8.7126
t=0.000471115 disruptboth id1=208296(m1=2.47167) id2=400277(m2=10.5881) (r=0.999016) type1=4 type2=1 rad1[RSUN]=822.578 rad2[RSUN]=4.4846
t=0.000471115 disruptboth id1=151070(m1=2.45933) id2=400202(m2=15.3284) (r=1.01507) type1=4 type2=4 rad1[RSUN]=625.048 rad2[RSUN]=242.32
t=0.000471115 disruptboth id1=285369(m1=1.87284) id2=400382(m2=19.145) (r=1.02348) type1=4 type2=1 rad1[RSUN]=301.51 rad2[RSUN]=6.85175
t=0.000471115 disruptboth id1=282728(m1=1.94844) id2=400376(m2=23.3994) (r=1.04152) type1=7 type2=1 rad1[RSUN]=0.666012 rad2[RSUN]=6.80197
t=0.000471115 disruptboth id1=214875(m1=1.91208) id2=400284(m2=23.232) (r=1.13771) type1=8 type2=1 rad1[RSUN]=0.738236 rad2[RSUN]=6.66466
t=0.000471115 disruptboth id1=74798(m1=1.88576) id2=400096(m2=19.6297) (r=1.3334) type1=4 type2=1 rad1[RSUN]=2.71458 rad2[RSUN]=5.1907
t=0.000471115 disruptboth id1=259736(m1=1.87003) id2=400340(m2=10.4291) (r=1.39576) type1=4 type2=1 rad1[RSUN]=210.641 rad2[RSUN]=4.04084
t=0.000471115 disruptboth id1=256410(m1=2.52409) id2=400337(m2=9.90696) (r=1.41267) type1=5 type2=1 rad1[RSUN]=1332.39 rad2[RSUN]=4.09835
t=0.000471115 disruptboth id1=337238(m1=2.48517) id2=400458(m2=13.4169) (r=1.53814) type1=4 type2=1 rad1[RSUN]=922.804 rad2[RSUN]=7.44898
t=0.000471115 disruptboth id1=378562(m1=2.44064) id2=400526(m2=9.81818) (r=1.55961) type1=4 type2=1 rad1[RSUN]=434.051 rad2[RSUN]=4.05175
t=0.000471115 disruptboth id1=329095(m1=2.52722) id2=400450(m2=12.6959) (r=2.29915) type1=5 type2=1 rad1[RSUN]=1514.3 rad2[RSUN]=6.29372
t=0.000471115 disruptboth id1=394475(m1=1.94874) id2=400542(m2=9.8142) (r=3.22204) type1=4 type2=1 rad1[RSUN]=228.796 rad2[RSUN]=4.0491
t=0.000494832 disruptboth id1=52922(m1=2.25341) id2=400069(m2=9.68732) (r=0.424832) type1=4 type2=1 rad1[RSUN]=252.811 rad2[RSUN]=4.03512
t=0.000494832 disruptboth id1=63509(m1=1.79974) id2=400086(m2=10.8127) (r=0.440282) type1=4 type2=1 rad1[RSUN]=76.6959 rad2[RSUN]=4.71106
t=0.000494832 disruptboth id1=81139(m1=1.91512) id2=400105(m2=21.1006) (r=0.454299) type1=4 type2=1 rad1[RSUN]=1098.4 rad2[RSUN]=5.94658
t=0.000494832 disruptboth id1=93171(m1=1.85683) id2=400121(m2=20.5885) (r=0.479801) type1=7 type2=1 rad1[RSUN]=0.663871 rad2[RSUN]=5.60706
t=0.000494832 disruptboth id1=106937(m1=1.92237) id2=400135(m2=10.796) (r=0.586258) type1=4 type2=1 rad1[RSUN]=897.326 rad2[RSUN]=4.57217
t=0.000494832 disruptboth id1=44127(m1=1.93322) id2=400057(m2=11.8337) (r=0.847001) type1=5 type2=1 rad1[RSUN]=1165.24 rad2[RSUN]=5.51758
t=0.000494832 disruptboth id1=397947(m1=2.32923) id2=400548(m2=11.9992) (r=0.912591) type1=4 type2=1 rad1[RSUN]=899.541 rad2[RSUN]=5.71274
t=0.000494832 disruptboth id1=238511(m1=2.17594) id2=400310(m2=9.73603) (r=1.01361) type1=4 type2=1 rad1[RSUN]=87.7794 rad2[RSUN]=4.06118
t=0.000494832 disruptboth id1=122513(m1=2.21153) id2=400157(m2=11.8372) (r=1.20184) type1=4 type2=1 rad1[RSUN]=133.992 rad2[RSUN]=5.54825
t=0.000494832 disruptboth id1=155085(m1=1.91091) id2=400207(m2=11.9892) (r=1.20409) type1=4 type2=1 rad1[RSUN]=372.237 rad2[RSUN]=5.69992
t=0.000494832 disruptboth id1=280312(m1=2.1723) id2=400372(m2=9.06491) (r=1.26031) type1=4 type2=1 rad1[RSUN]=84.5339 rad2[RSUN]=3.72158
t=0.000494832 disruptboth id1=260584(m1=1.8917) id2=400341(m2=13.2313) (r=1.27094) type1=4 type2=1 rad1[RSUN]=274.051 rad2[RSUN]=7.5473
t=0.000494832 disruptboth id1=339631(m1=1.92589) id2=400461(m2=10.7483) (r=1.42648) type1=4 type2=1 rad1[RSUN]=898.725 rad2[RSUN]=4.66236
t=0.000494832 disruptboth id1=342097(m1=1.84331) id2=400468(m2=11.3267) (r=1.56071) type1=4 type2=1 rad1[RSUN]=106.873 rad2[RSUN]=5.09382
t=0.000494832 disruptboth id1=372440(m1=2.30184) id2=400517(m2=9.34985) (r=1.93317) type1=4 type2=1 rad1[RSUN]=652.767 rad2[RSUN]=3.86077
t=0.000494832 disruptboth id1=226239(m1=1.92725) id2=400294(m2=11.4169) (r=1.94112) type1=4 type2=1 rad1[RSUN]=275.427 rad2[RSUN]=5.16854
t=0.000494832 disruptboth id1=213563(m1=1.87942) id2=400282(m2=21.07) (r=1.9412) type1=8 type2=1 rad1[RSUN]=0.7104 rad2[RSUN]=5.81716
t=0.000519367 disruptboth id1=94509(m1=1.86513) id2=405233(m2=10.9069) (r=0.807836) type1=8 type2=1 rad1[RSUN]=1.40194 rad2[RSUN]=4.92434
t=0.000519367 disruptboth id1=143443(m1=2.07884) id2=407664(m2=7.21602) (r=0.858659) type1=4 type2=1 rad1[RSUN]=704.395 rad2[RSUN]=2.96881
t=0.000519367 disrupt1 idr=693997(mr=10.5162) id1=338328(m1=14.1822):id2=417486(m2=3.75541) (r=1.35004) typer=4 type1=4 type2=1 radr[RSUN]=351.307 rad1[RSUN]=41.7562 rad2[RSUN]=1.78375
t=0.000538114 disruptboth id1=139953(m1=1.78068) id2=407509(m2=10.1412) (r=0.772182) type1=4 type2=1 rad1[RSUN]=211.28 rad2[RSUN]=4.51782
t=0.000538114 disruptboth id1=171838(m1=1.77588) id2=409084(m2=13.163) (r=0.826712) type1=4 type2=1 rad1[RSUN]=153.179 rad2[RSUN]=9.87449
t=0.000538114 disruptboth id1=245882(m1=1.77732) id2=412792(m2=3.19175) (r=0.987639) type1=4 type2=1 rad1[RSUN]=167.463 rad2[RSUN]=1.60058
t=0.000538114 disruptboth id1=152568(m1=1.68142) id2=408111(m2=11.2287) (r=1.31474) type1=4 type2=1 rad1[RSUN]=98.6384 rad2[RSUN]=5.45545
t=0.000586173 disruptboth id1=220191(m1=1.59027) id2=411482(m2=12.65) (r=0.837741) type1=4 type2=1 rad1[RSUN]=42.4204 rad2[RSUN]=9.29113
t=0.000586173 disruptboth id1=143371(m1=1.5859) id2=407659(m2=9.75559) (r=1.21965) type1=4 type2=1 rad1[RSUN]=43.8198 rad2[RSUN]=4.37631
t=0.000586173 disruptboth id1=353199(m1=1.57709) id2=418209(m2=7.0754) (r=1.90935) type1=4 type2=1 rad1[RSUN]=145.37 rad2[RSUN]=2.96823
t=0.000611134 disrupt1 idr=420608(mr=13.6685) id1=31585(m1=12.5853):id2=402150(m2=2.9136) (r=0.282034) typer=4 type1=4 type2=1 radr[RSUN]=130.743 rad1[RSUN]=39.3981 rad2[RSUN]=1.51276
t=0.000611134 disruptboth id1=68203(m1=1.53725) id2=403952(m2=10.0283) (r=0.501414) type1=4 type2=1 rad1[RSUN]=93.361 rad2[RSUN]=4.8214
t=0.000611134 disruptboth id1=297989(m1=1.52343) id2=415435(m2=15.0927) (r=1.26029) type1=4 type2=1 rad1[RSUN]=43.5477 rad2[RSUN]=4.20866
t=0.000611134 disruptboth id1=247542(m1=1.54604) id2=412887(m2=11.9183) (r=1.42051) type1=4 type2=1 rad1[RSUN]=140.605 rad2[RSUN]=8.39304
t=0.000637254 disruptboth id1=108457(m1=1.49896) id2=405951(m2=2.86144) (r=0.380709) type1=4 type2=1 rad1[RSUN]=134.155 rad2[RSUN]=1.49676
t=0.000637254 disruptboth id1=153570(m1=1.50949) id2=408176(m2=18.1691) (r=0.832066) type1=8 type2=1 rad1[RSUN]=1.55984 rad2[RSUN]=5.42116
t=0.000650854 disruptboth id1=109174(m1=1.47459) id2=405995(m2=9.64363) (r=0.547319) type1=4 type2=1 rad1[RSUN]=560.869 rad2[RSUN]=4.78088
t=0.000650854 disruptboth id1=204540(m1=1.41754) id2=410732(m2=16.3121) (r=1.02921) type1=7 type2=1 rad1[RSUN]=0.571931 rad2[RSUN]=4.71464
t=0.000650854 disruptboth id1=224651(m1=1.47741) id2=411712(m2=8.7381) (r=1.21391) type1=5 type2=1 rad1[RSUN]=704.576 rad2[RSUN]=4.02486
t=0.000650854 disruptboth id1=356614(m1=1.48022) id2=418360(m2=18.2854) (r=2.25505) type1=5 type2=1 rad1[RSUN]=1.87169 rad2[RSUN]=5.65079
t=0.000658673 disruptboth id1=133896(m1=1.45254) id2=407215(m2=6.0469) (r=0.775226) type1=4 type2=1 rad1[RSUN]=566.273 rad2[RSUN]=2.65803
t=0.000720131 disruptboth id1=130870(m1=1.40234) id2=407074(m2=9.30435) (r=0.674085) type1=4 type2=1 rad1[RSUN]=322.35 rad2[RSUN]=4.70565
t=0.000720131 disruptboth id1=323779(m1=1.37603) id2=416745(m2=6.38276) (r=1.36716) type1=4 type2=1 rad1[RSUN]=44.2481 rad2[RSUN]=2.82324
t=0.000720131 disruptboth id1=343258(m1=1.36128) id2=417725(m2=5.30046) (r=2.44802) type1=4 type2=1 rad1[RSUN]=34.8245 rad2[RSUN]=2.38246
t=0.000740851 disruptboth id1=30117(m1=1.3548) id2=402087(m2=3.38126) (r=0.498032) type1=5 type2=1 rad1[RSUN]=1082.12 rad2[RSUN]=1.68749
t=0.000740851 disruptboth id1=130827(m1=1.33924) id2=407070(m2=1.18514) (r=0.783361) type1=4 type2=1 rad1[RSUN]=107.192 rad2[RSUN]=1.06213
t=0.000740851 disruptboth id1=385230(m1=1.34244) id2=419866(m2=10.3633) (r=1.40455) type1=4 type2=1 rad1[RSUN]=149.2 rad2[RSUN]=7.37776
t=0.000760587 disruptboth id1=213939(m1=1.29238) id2=411178(m2=11.819) (r=2.03419) type1=4 type2=1 rad1[RSUN]=0.57719 rad2[RSUN]=3.55903
t=0.000772754 disruptboth id1=5541(m1=1.30228) id2=400833(m2=4.98272) (r=1.61392) type1=8 type2=1 rad1[RSUN]=0.618025 rad2[RSUN]=2.28928
t=0.000772754 disruptboth id1=240235(m1=1.30045) id2=412515(m2=2.49576) (r=2.25849) type1=4 type2=1 rad1[RSUN]=505.41 rad2[RSUN]=1.37856
t=0.000782868 disruptboth id1=58219(m1=1.28252) id2=403494(m2=3.80284) (r=0.20672) type1=4 type2=1 rad1[RSUN]=270.498 rad2[RSUN]=1.8478
t=0.000792227 disruptboth id1=28413(m1=1.27758) id2=402002(m2=7.05179) (r=0.333859) type1=4 type2=1 rad1[RSUN]=192.34 rad2[RSUN]=2.98439
t=0.000792227 disrupt1 idr=715028(mr=11.4464) id1=272836(m1=10.1613):id2=414165(m2=1.89524) (r=1.46681) typer=4 type1=1 type2=1 radr[RSUN]=69.5168 rad1[RSUN]=8.33317 rad2[RSUN]=1.18206
t=0.000812223 disruptboth id1=72176(m1=1.27758) id2=404153(m2=3.09344) (r=0.283522) type1=5 type2=1 rad1[RSUN]=747.172 rad2[RSUN]=1.59215
t=0.000812223 disruptboth id1=311475(m1=1.27758) id2=416118(m2=4.08258) (r=0.326689) type1=4 type2=1 rad1[RSUN]=56.8692 rad2[RSUN]=1.95609
t=0.000812223 disruptboth id1=80401(m1=1.27758) id2=404527(m2=9.37598) (r=0.961485) type1=4 type2=1 rad1[RSUN]=353.083 rad2[RSUN]=5.2952
t=0.000812223 disruptboth id1=210458(m1=1.27758) id2=411013(m2=4.09521) (r=1.00314) type1=4 type2=1 rad1[RSUN]=80.8497 rad2[RSUN]=1.96083
t=0.00086658 disruptboth id1=370059(m1=1.27758) id2=419083(m2=5.86183) (r=1.76784) type1=8 type2=1 rad1[RSUN]=1.5291 rad2[RSUN]=2.7213
t=0.000885158 disruptboth id1=372495(m1=1.27758) id2=419213(m2=6.20784) (r=2.11183) type1=4 type2=1 rad1[RSUN]=439.857 rad2[RSUN]=2.9153
t=0.000910277 disruptboth id1=117087(m1=1.27758) id2=406399(m2=2.08318) (r=0.458368) type1=4 type2=1 rad1[RSUN]=50.7687 rad2[RSUN]=1.24171
t=0.000910277 disruptboth id1=6792(m1=1.27758) id2=400895(m2=2.30839) (r=0.837813) type1=4 type2=1 rad1[RSUN]=57.8499 rad2[RSUN]=1.31783
t=0.000910277 disrupt2 idr=651938(mr=10.9731) id1=316640(m1=2.13722):id2=416395(m2=9.39734) (r=1.14999) typer=4 type1=7 type2=1 radr[RSUN]=37.7457 rad1[RSUN]=0.399076 rad2[RSUN]=7.75901
t=0.000953163 disrupt2 idr=441637(mr=11.8321) id1=107778(m1=2.06251):id2=405920(m2=10.4325) (r=0.34909) typer=4 type1=7 type2=1 radr[RSUN]=35.1018 rad1[RSUN]=0.397841 rad2[RSUN]=7.57555
t=0.00100366 disruptboth id1=85745(m1=1.27758) id2=404779(m2=8.60206) (r=2.08789) type1=4 type2=1 rad1[RSUN]=237.702 rad2[RSUN]=6.3507
t=0.00105073 disruptboth id1=128742(m1=1.27758) id2=406962(m2=8.17231) (r=0.31269) type1=4 type2=1 rad1[RSUN]=141.219 rad2[RSUN]=5.72958
t=0.00105073 disrupt2 idr=715029(mr=9.60972) id1=324052(m1=8.57272):id2=416757(m2=8.54288) (r=1.58454) typer=4 type1=1 type2=1 radr[RSUN]=296.611 rad1[RSUN]=7.67269 rad2[RSUN]=7.469
t=0.00105073 disruptboth id1=283444(m1=1.27758) id2=414708(m2=4.99271) (r=1.72599) type1=4 type2=1 rad1[RSUN]=278.442 rad2[RSUN]=2.41997
t=0.00106823 disrupt1 idr=693998(mr=9.28787) id1=193700(m1=8.53198):id2=410172(m2=1.44359) (r=1.40771) typer=4 type1=1 type2=1 radr[RSUN]=140.295 rad1[RSUN]=6.65823 rad2[RSUN]=1.1028
t=0.00112118 disruptboth id1=364930(m1=1.27758) id2=418805(m2=7.35012) (r=2.4156) type1=4 type2=1 rad1[RSUN]=64.7519 rad2[RSUN]=4.3375
t=0.00114338 disruptboth id1=223156(m1=1.27758) id2=411632(m2=3.81295) (r=0.777237) type1=4 type2=1 rad1[RSUN]=92.1749 rad2[RSUN]=1.91635
t=0.00116233 disrupt2 idr=462667(mr=9.26514) id1=63615(m1=1.6933):id2=403735(m2=8.12451) (r=0.48693) typer=4 type1=7 type2=1 radr[RSUN]=100.822 rad1[RSUN]=0.312528 rad2[RSUN]=6.65433
t=0.00117677 disruptboth id1=56756(m1=1.27758) id2=403429(m2=3.97904) (r=0.457867) type1=5 type2=1 rad1[RSUN]=706.938 rad2[RSUN]=1.99686
t=0.00119331 disruptboth id1=132320(m1=1.27758) id2=407138(m2=6.76695) (r=0.591601) type1=4 type2=1 rad1[RSUN]=273.728 rad2[RSUN]=3.82069
t=0.00119331 disruptboth id1=241632(m1=1.27758) id2=412580(m2=3.47574) (r=1.12003) type1=4 type2=1 rad1[RSUN]=101.506 rad2[RSUN]=1.78355
t=0.00120865 disrupt1 idr=630907(mr=1.27758) id1=228494(m1=2.73198):id2=411898(m2=1.25417) (r=1.13396) typer=13 type1=8 type2=1 radr[RSUN]=1.4e-05 rad1[RSUN]=1.77837 rad2[RSUN]=1.08695
t=0.00121852 disrupt2 idr=420609(mr=1.27758) id1=43480(m1=1.31783):id2=402785(m2=8.86139) (r=0.0974214) typer=13 type1=12 type2=1 radr[RSUN]=1.4e-05 rad1[RSUN]=0.00285116 rad2[RSUN]=6.7316
t=0.00126457 disruptboth id1=11828(m1=1.27758) id2=401162(m2=4.39964) (r=0.575576) type1=5 type2=1 rad1[RSUN]=402.698 rad2[RSUN]=2.21684
t=0.00127381 disruptboth id1=167474(m1=1.27758) id2=408853(m2=5.75524) (r=0.567898) type1=4 type2=1 rad1[RSUN]=340.895 rad2[RSUN]=3.03247
t=0.00127381 disruptboth id1=255927(m1=1.27758) id2=413289(m2=7.42295) (r=1.12383) type1=5 type2=1 rad1[RSUN]=355.687 rad2[RSUN]=5.82509
t=0.00129405 disruptboth id1=74038(m1=1.27758) id2=404228(m2=7.49222) (r=0.55535) type1=4 type2=1 rad1[RSUN]=86.7857 rad2[RSUN]=6.31481
t=0.00129405 disruptboth id1=25607(m1=1.27758) id2=401887(m2=6.78732) (r=0.639031) type1=4 type2=1 rad1[RSUN]=161.753 rad2[RSUN]=4.15039
t=0.00129405 disruptboth id1=238441(m1=1.27758) id2=412425(m2=1.85434) (r=1.1891) type1=5 type2=1 rad1[RSUN]=574.762 rad2[RSUN]=1.17628
t=0.00131185 disrupt2 idr=420610(mr=1.27758) id1=141324(m1=1.08185):id2=407576(m2=8.66346) (r=0.249373) typer=13 type1=12 type2=1 radr[RSUN]=1.4e-05 rad1[RSUN]=0.00656578 rad2[RSUN]=7.65755
t=0.00133069 disrupt1 idr=651939(mr=8.52359) id1=161856(m1=7.50825):id2=408595(m2=1.34395) (r=1.21622) typer=4 type1=1 type2=1 radr[RSUN]=318.372 rad1[RSUN]=6.98189 rad2[RSUN]=1.09946
t=0.00133069 disrupt2 idr=778117(mr=1.27758) id1=312191(m1=1.25178):id2=416158(m2=8.38206) (r=2.21135) typer=13 type1=12 type2=1 radr[RSUN]=1.4e-05 rad1[RSUN]=0.00414812 rad2[RSUN]=7.56778
t=0.00133069 disruptboth id1=399205(m1=1.27758) id2=420569(m2=1.00102) (r=4.19182) type1=5 type2=1 rad1[RSUN]=537.079 rad2[RSUN]=0.927043
t=0.00135363 disruptboth id1=223429(m1=1.27758) id2=411644(m2=2.37073) (r=0.462705) type1=4 type2=1 rad1[RSUN]=176.41 rad2[RSUN]=1.35457
t=0.00135363 disruptboth id1=341910(m1=1.27758) id2=417653(m2=6.48837) (r=0.898816) type1=4 type2=1 rad1[RSUN]=220.195 rad2[RSUN]=3.87808
t=0.00136083 disruptboth id1=364222(m1=1.27758) id2=418769(m2=2.45682) (r=2.92348) type1=5 type2=1 rad1[RSUN]=715.271 rad2[RSUN]=1.3881
t=0.00138476 disruptboth id1=288588(m1=1.26078) id2=414960(m2=7.1792) (r=2.18534) type1=4 type2=1 rad1[RSUN]=215.046 rad2[RSUN]=6.10837
t=0.00142893 disrupt2 idr=820177(mr=8.26045) id1=368026(m1=1.49227):id2=418963(m2=7.19228) (r=2.98689) typer=4 type1=7 type2=1 radr[RSUN]=110.891 rad1[RSUN]=0.31237 rad2[RSUN]=6.46424
t=0.00147083 disruptboth id1=29333(m1=1.26078) id2=402044(m2=1.76367) (r=0.413542) type1=5 type2=1 rad1[RSUN]=554.194 rad2[RSUN]=1.15343
t=0.00147083 disruptboth id1=314172(m1=1.26078) id2=416256(m2=2.20496) (r=1.7334) type1=4 type2=1 rad1[RSUN]=238.914 rad2[RSUN]=1.29668
t=0.00149293 disruptboth id1=101395(m1=1.26078) id2=405569(m2=1.89605) (r=1.02832) type1=4 type2=1 rad1[RSUN]=238.014 rad2[RSUN]=1.19116
t=0.00149293 disruptboth id1=273735(m1=1.26078) id2=414215(m2=6.7247) (r=2.08255) type1=4 type2=1 rad1[RSUN]=162.959 rad2[RSUN]=5.04806
t=0.00152683 disruptboth id1=36343(m1=1.26078) id2=402390(m2=4.99071) (r=2.90938) type1=4 type2=1 rad1[RSUN]=184.677 rad2[RSUN]=2.67376
t=0.00158652 disruptboth id1=135735(m1=1.26078) id2=407298(m2=6.655) (r=0.568432) type1=4 type2=1 rad1[RSUN]=197.271 rad2[RSUN]=5.59897
t=0.00160638 disrupt2 idr=441638(mr=1.27758) id1=14289(m1=0.975631):id2=401299(m2=7.85502) (r=0.360584) typer=13 type1=11 type2=1 radr[RSUN]=1.4e-05 rad1[RSUN]=0.00833201 rad2[RSUN]=6.30916
t=0.00166035 disruptboth id1=107633(m1=1.26078) id2=405911(m2=2.05238) (r=0.349349) type1=5 type2=1 rad1[RSUN]=462.119 rad2[RSUN]=1.24562
t=0.00168255 disruptboth id1=67858(m1=1.26078) id2=403930(m2=1.25135) (r=0.466466) type1=4 type2=1 rad1[RSUN]=225.58 rad2[RSUN]=1.08709
t=0.00168255 disrupt1 idr=504729(mr=6.15827) id1=174939(m1=6.60948):id2=409270(m2=1.4255) (r=0.626593) typer=4 type1=1 type2=1 radr[RSUN]=196.554 rad1[RSUN]=6.50876 rad2[RSUN]=1.10418
t=0.00168255 disrupt1 idr=715030(mr=3.33183) id1=349921(m1=6.63721):id2=418047(m2=0.705245) (r=1.68892) typer=4 type1=2 type2=1 radr[RSUN]=259.187 rad1[RSUN]=15.5949 rad2[RSUN]=0.651603
t=0.00172123 disruptboth id1=307409(m1=1.242) id2=415915(m2=4.71421) (r=1.64707) type1=5 type2=1 rad1[RSUN]=338.598 rad2[RSUN]=2.59459
t=0.00172123 disruptboth id1=330265(m1=1.242) id2=417099(m2=5.08278) (r=1.97909) type1=5 type2=1 rad1[RSUN]=515.783 rad2[RSUN]=2.88772
t=0.00177449 disrupt2 idr=483698(mr=1.26078) id1=25799(m1=0.947672):id2=401895(m2=7.441) (r=0.570128) typer=13 type1=11 type2=1 radr[RSUN]=1.4e-05 rad1[RSUN]=0.00864502 rad2[RSUN]=5.92365
t=0.00177449 disrupt2 idr=736058(mr=1.27758) id1=344167(m1=1.22534):id2=417757(m2=7.6067) (r=1.87111) typer=13 type1=12 type2=1 radr[RSUN]=1.4e-05 rad1[RSUN]=0.00458051 rad2[RSUN]=6.65417
t=0.00189582 disrupt2 idr=525757(mr=8.1409) id1=158876(m1=1.05622):id2=408455(m2=7.5486) (r=0.760344) typer=5 type1=11 type2=1 radr[RSUN]=350.125 rad1[RSUN]=0.00741915 rad2[RSUN]=6.98025
t=0.0019192 disrupt1 idr=546787(mr=7.00542) id1=103506(m1=1.23914):id2=405691(m2=5.76672) (r=0.780953) typer=4 type1=7 type2=1 radr[RSUN]=35.4608 rad1[RSUN]=0.283321 rad2[RSUN]=4.0796
t=0.0019192 disrupt1 idr=778118(mr=1.895) id1=274128(m1=1.32548):id2=414235(m2=0.712859) (r=2.16439) typer=6 type1=8 type2=1 radr[RSUN]=381.732 rad1[RSUN]=0.288557 rad2[RSUN]=0.659466
t=0.00193903 disrupt2 idr=757087(mr=1.26078) id1=323672(m1=1.11135):id2=416735(m2=6.77066) (r=2.03993) typer=13 type1=12 type2=1 radr[RSUN]=1.4e-05 rad1[RSUN]=0.00618954 rad2[RSUN]=6.55347
t=0.00196715 disrupt2 idr=820178(mr=1.27758) id1=390812(m1=1.2946):id2=420176(m2=6.65163) (r=3.26608) typer=13 type1=12 type2=1 radr[RSUN]=1.4e-05 rad1[RSUN]=0.00335672 rad2[RSUN]=6.50182
t=0.00198101 disrupt1 idr=504730(mr=32.4684) id1=75060(m1=14.2397):id2=400097(m2=19.7979) (r=0.675752) typer=14 type1=14 type2=14 radr[RSUN]=0.000137666 rad1[RSUN]=6.03762e-05 rad2[RSUN]=8.39431e-05
t=0.00205437 disrupt1 idr=693999(mr=1.15047) id1=228106(m1=6.19017):id2=411882(m2=1.57772) (r=1.50645) typer=6 type1=4 type2=1 radr[RSUN]=0.111656 rad1[RSUN]=141.412 rad2[RSUN]=1.11925
t=0.00205437 disrupt2 idr=799150(mr=7.80356) id1=333550(m1=1.23228):id2=417229(m2=7.1193) (r=2.8879) typer=5 type1=12 type2=1 radr[RSUN]=379.427 rad1[RSUN]=0.00447029 rad2[RSUN]=6.80891
t=0.00211283 disrupt1 idr=757088(mr=1.12827) id1=357853(m1=6.10878):id2=418434(m2=1.08992) (r=2.13194) typer=12 type1=4 type2=1 radr[RSUN]=0.00596822 rad1[RSUN]=169.813 rad2[RSUN]=1.0036
t=0.00213042 disrupt2 idr=525758(mr=7.023) id1=174471(m1=0.880314):id2=409237(m2=6.86453) (r=0.77743) typer=6 type1=11 type2=1 radr[RSUN]=1012.05 rad1[RSUN]=0.00939905 rad2[RSUN]=6.0938
t=0.00213042 disrupt2 idr=546788(mr=7.04086) id1=200391(m1=0.987826):id2=410529(m2=6.50862) (r=0.820861) typer=6 type1=11 type2=1 radr[RSUN]=696.885 rad1[RSUN]=0.00819513 rad2[RSUN]=6.38725
t=0.00221511 disrupt1 idr=778119(mr=9.34946) id1=213079(m1=5.9603):id2=411128(m2=5.86822) (r=2.42726) typer=4 type1=5 type2=4 radr[RSUN]=231.707 rad1[RSUN]=242.735 rad2[RSUN]=33.6858
t=0.00223289 disrupt2 idr=441639(mr=1.26078) id1=52763(m1=1.21991):id2=403222(m2=6.3442) (r=0.395991) typer=13 type1=12 type2=1 radr[RSUN]=1.4e-05 rad1[RSUN]=0.00466551 rad2[RSUN]=5.68847
t=0.00228211 disrupt2 idr=715031(mr=1.41007) id1=297474(m1=0.977443):id2=415403(m2=6.21758) (r=1.67978) typer=6 type1=11 type2=1 radr[RSUN]=0.299661 rad1[RSUN]=0.00831169 rad2[RSUN]=5.70981
t=0.0023099 disrupt1 idr=588847(mr=6.42879) id1=122705(m1=5.6253):id2=406661(m2=5.41917) (r=1.02825) typer=4 type1=2 type2=1 radr[RSUN]=126.943 rad1[RSUN]=19.9813 rad2[RSUN]=4.67129
t=0.0023099 disrupt2 idr=630908(mr=5.95462) id1=133300(m1=1.24611):id2=407184(m2=6.50234) (r=1.21804) typer=5 type1=12 type2=1 radr[RSUN]=371.825 rad1[RSUN]=0.00424378 rad2[RSUN]=6.26809
t=0.00234058 disrupt1 idr=757089(mr=25.2642) id1=298363(m1=10.3608):id2=400402(m2=16.0799) (r=1.97416) typer=14 type1=14 type2=14 radr[RSUN]=0.00010712 rad1[RSUN]=4.39297e-05 rad2[RSUN]=6.81788e-05
t=0.00249112 disrupt1 idr=420611(mr=1.04299) id1=254442(m1=5.60923):id2=413217(m2=0.950175) (r=0.164483) typer=11 type1=5 type2=1 radr[RSUN]=0.00757072 rad1[RSUN]=276.734 rad2[RSUN]=0.882242
t=0.00254406 disrupt1 idr=672967(mr=5.70918) id1=88838(m1=5.3612):id2=404935(m2=0.577507) (r=1.41) typer=4 type1=2 type2=0 radr[RSUN]=141.466 rad1[RSUN]=14.2505 rad2[RSUN]=0.519095
t=0.0025764 disrupt2 idr=778120(mr=6.3837) id1=165930(m1=1.15426):id2=408796(m2=5.70604) (r=2.252) typer=5 type1=12 type2=1 radr[RSUN]=292.21 rad1[RSUN]=0.00561882 rad2[RSUN]=5.90147
t=0.00262534 disrupt1 idr=546789(mr=6.3248) id1=90514(m1=5.37203):id2=405034(m2=5.47588) (r=0.858269) typer=4 type1=6 type2=4 radr[RSUN]=300.474 rad1[RSUN]=643.924 rad2[RSUN]=59.5661
t=0.00263603 disrupt1 idr=420612(mr=5.75624) id1=158178(m1=5.26743):id2=408421(m2=4.82195) (r=0.358756) typer=4 type1=2 type2=1 radr[RSUN]=115.924 rad1[RSUN]=17.3937 rad2[RSUN]=3.58225
t=0.00272491 disrupt2 idr=778121(mr=1.26078) id1=233930(m1=1.26078):id2=412178(m2=5.18153) (r=2.28083) typer=13 type1=13 type2=2 radr[RSUN]=1.4e-05 rad1[RSUN]=1.4e-05 rad2[RSUN]=7.32569
t=0.00279396 disrupt2 idr=820179(mr=1.26078) id1=258426(m1=1.27435):id2=413425(m2=5.80484) (r=3.68993) typer=13 type1=12 type2=2 radr[RSUN]=1.4e-05 rad1[RSUN]=0.00374848 rad2[RSUN]=37.4606
t=0.00285025 disrupt1 idr=736059(mr=5.79985) id1=223270(m1=0.970707):id2=411635(m2=4.83026) (r=1.88901) typer=4 type1=7 type2=1 radr[RSUN]=33.3511 rad1[RSUN]=0.24186 rad2[RSUN]=4.0729
t=0.00289149 disrupt1 idr=715032(mr=8.395) id1=129966(m1=5.04178):id2=407023(m2=5.03953) (r=1.66337) typer=4 type1=2 type2=2 radr[RSUN]=308.185 rad1[RSUN]=68.2819 rad2[RSUN]=37.2287
t=0.00293982 disrupt2 idr=820180(mr=5.9638) id1=396440(m1=1.03609):id2=420440(m2=5.39428) (r=3.94229) typer=6 type1=11 type2=1 radr[RSUN]=677.754 rad1[RSUN]=0.0076495 rad2[RSUN]=5.52583
t=0.00321956 disrupt1 idr=504731(mr=6.41576) id1=76980(m1=4.95357):id2=404398(m2=1.58437) (r=0.676591) typer=6 type1=5 type2=1 radr[RSUN]=566.056 rad1[RSUN]=288.46 rad2[RSUN]=1.12698
t=0.00329995 disrupt2 idr=736060(mr=5.65899) id1=75097(m1=0.854244):id2=404288(m2=5.08951) (r=1.8575) typer=5 type1=11 type2=1 radr[RSUN]=236.729 rad1[RSUN]=0.00969274 rad2[RSUN]=4.68052
t=0.00335805 disrupt2 idr=441640(mr=5.43766) id1=191760(m1=1.08237):id2=410087(m2=4.95842) (r=0.473708) typer=6 type1=12 type2=1 radr[RSUN]=737.138 rad1[RSUN]=0.00655933 rad2[RSUN]=4.67062
t=0.00340063 disrupt1 idr=630909(mr=6.47335) id1=37398(m1=4.66788):id2=402449(m2=4.45723) (r=1.21655) typer=4 type1=2 type2=1 radr[RSUN]=81.5084 rad1[RSUN]=25.9257 rad2[RSUN]=3.94916
